<html>
<body>
<pre>
<h1>µVision Build Log</h1>
<h2>Project:</h2>
C:\Users\Eran-Tasker (Sager)\Documents\STM32F407VG\Image Processing\Image Processing.uvproj
Project File Date:  10/08/2013

<h2>Output:</h2>
Clean started: Project: 'Image Processing'
   deleting intermediate output files for target 'ImageProc'
Build target 'ImageProc'
compiling fputc_debug.c...
compiling main.c...
compiling ImageUtil.c...
compiling RAWUtil.c...
assembling startup_stm32f40xx.s...
compiling misc.c...
compiling stm32f4xx_adc.c...
compiling stm32f4xx_can.c...
compiling stm32f4xx_crc.c...
compiling stm32f4xx_cryp.c...
compiling stm32f4xx_cryp_aes.c...
compiling stm32f4xx_cryp_des.c...
compiling stm32f4xx_cryp_tdes.c...
compiling stm32f4xx_dac.c...
compiling stm32f4xx_dbgmcu.c...
compiling stm32f4xx_dcmi.c...
compiling stm32f4xx_dma.c...
compiling stm32f4xx_exti.c...
compiling stm32f4xx_flash.c...
compiling stm32f4xx_fsmc.c...
compiling stm32f4xx_gpio.c...
compiling stm32f4xx_hash.c...
compiling stm32f4xx_hash_md5.c...
compiling stm32f4xx_hash_sha1.c...
compiling stm32f4xx_i2c.c...
compiling stm32f4xx_iwdg.c...
compiling stm32f4xx_pwr.c...
compiling stm32f4xx_rcc.c...
compiling stm32f4xx_rng.c...
compiling stm32f4xx_rtc.c...
compiling stm32f4xx_sdio.c...
compiling stm32f4xx_spi.c...
compiling stm32f4xx_syscfg.c...
compiling stm32f4xx_tim.c...
compiling stm32f4xx_usart.c...
compiling stm32f4xx_wwdg.c...
compiling stm32f4_discovery.c...
compiling stm32f4xx_it.c...
compiling system_stm32f4xx.c...
linking...
.\obj\Image Processing.axf: Error: L6915E: Library reports error: __use_no_semihosting_swi was requested, but _sys_open was referenced
".\obj\Image Processing.axf" - 1 Errors, 0 Warning(s).
Target not created
Build target 'ImageProc'
compiling fputc_debug.c...
linking...
Program Size: Code=11272 RO-data=688 RW-data=28 ZI-data=1636  
".\obj\Image Processing.axf" - 0 Errors, 0 Warning(s).
