<html>
<body>
<pre>
<h1>µVision Build Log</h1>
<h2>Project:</h2>
C:\Users\Eran-Tasker (Sager)\Desktop\Image Processing\Image Processing.uvproj
Project File Date:  10/07/2013

<h2>Output:</h2>
Build target 'ImageProc'
compiling main.c...
.\Include\ImageUtil.h(16): warning:  #1-D: last line of file ends without a newline
Source\main.c(43): warning:  #550-D: variable "kernel" was set but never used
compiling ImageUtil.c...
.\Include\ImageUtil.h(16): warning:  #1-D: last line of file ends without a newline
Source\ImageUtil.c(436): warning:  #1-D: last line of file ends without a newline
linking...
Program Size: Code=9856 RO-data=688 RW-data=28 ZI-data=1636  
".\obj\Image Processing.axf" - 0 Errors, 4 Warning(s).
Build target 'ImageProc'
compiling main.c...
compiling ImageUtil.c...
linking...
Program Size: Code=9864 RO-data=688 RW-data=28 ZI-data=1636  
".\obj\Image Processing.axf" - 0 Errors, 0 Warning(s).
Load "C:\\Users\\Eran-Tasker (Sager)\\Desktop\\Image Processing\\obj\\Image Processing.axf" 
Erase Done.
Programming Done.
Verify OK.
Build target 'ImageProc'
compiling main.c...
linking...
Program Size: Code=9872 RO-data=688 RW-data=28 ZI-data=1636  
".\obj\Image Processing.axf" - 0 Errors, 0 Warning(s).
Load "C:\\Users\\Eran-Tasker (Sager)\\Desktop\\Image Processing\\obj\\Image Processing.axf" 
Erase Done.
Programming Done.
Verify OK.
Build target 'ImageProc'
compiling main.c...
linking...
Program Size: Code=9856 RO-data=688 RW-data=28 ZI-data=1636  
".\obj\Image Processing.axf" - 0 Errors, 0 Warning(s).
Load "C:\\Users\\Eran-Tasker (Sager)\\Desktop\\Image Processing\\obj\\Image Processing.axf" 
Erase Done.
Programming Done.
Verify OK.
Build target 'ImageProc'
compiling main.c...
linking...
Program Size: Code=9832 RO-data=688 RW-data=28 ZI-data=1636  
".\obj\Image Processing.axf" - 0 Errors, 0 Warning(s).
Load "C:\\Users\\Eran-Tasker (Sager)\\Desktop\\Image Processing\\obj\\Image Processing.axf" 
Erase Done.
Programming Done.
Verify OK.
Build target 'ImageProc'
compiling main.c...
compiling ImageUtil.c...
Source\ImageUtil.c(8): warning:  #47-D: incompatible redefinition of macro "PI" (declared at line 301 of "C:\STM32F4-Discovery_FW_V1.1.0\Libraries\CMSIS\Include\arm_math.h")
Source\ImageUtil.c(15): error:  #260-D: explicit type is missing ("int" assumed)
Source\ImageUtil.c(179): error:  #260-D: explicit type is missing ("int" assumed)
Source\ImageUtil.c(179): error:  #18: expected a ")"
Source\ImageUtil.c(179): error:  #147-D: declaration is incompatible with "double *sobel_edge(const int *, const int *, const double *, int, int)" (declared at line 11 of ".\Include\ImageUtil.h")
Source\ImageUtil.c(182): error:  #20: identifier "GX" is undefined
Source\ImageUtil.c(182): error:  #20: identifier "image" is undefined
Source\ImageUtil.c(184): error:  #18: expected a ")"
Source\ImageUtil.c(184): error:  #92: identifier-list parameters may only be used in a function definition
Source\ImageUtil.c(200): error:  #20: identifier "GY" is undefined
Source\ImageUtil.c(204): error:  #852: expression must be a pointer to a complete object type
Source\ImageUtil.c(209): error:  #18: expected a ")"
Source\ImageUtil.c(209): error:  #92: identifier-list parameters may only be used in a function definition
Source\ImageUtil.c(213): error:  #20: identifier "t1" is undefined
Source\ImageUtil.c(216): error:  #852: expression must be a pointer to a complete object type
Source\ImageUtil.c(218): error:  #852: expression must be a pointer to a complete object type
Source\ImageUtil.c(220): error:  #20: identifier "t2" is undefined
Source\ImageUtil.c(223): error:  #852: expression must be a pointer to a complete object type
Source\ImageUtil.c(227): error:  #120: return value type does not match the function type
Source\ImageUtil.c(236): error:  #260-D: explicit type is missing ("int" assumed)
Source\ImageUtil.c(236): error:  #18: expected a ")"
Source\ImageUtil.c(236): error:  #147-D: declaration is incompatible with "double *line_detect(const int *, const double *)" (declared at line 12 of ".\Include\ImageUtil.h")
Source\ImageUtil.c(239): error:  #20: identifier "mask" is undefined
Source\ImageUtil.c(239): error:  #20: identifier "image" is undefined
Source\ImageUtil.c(241): error:  #18: expected a ")"
Source\ImageUtil.c(241): error:  #92: identifier-list parameters may only be used in a function definition
Source\ImageUtil.c(256): error:  #852: expression must be a pointer to a complete object type
Source\ImageUtil.c(260): error:  #120: return value type does not match the function type
Source\ImageUtil.c(268): error:  #147-D: declaration is incompatible with "double round(double)__pure" (declared at line 815 of "C:\Keil\ARM\ARMCC\bin\..\include\math.h")
Source\ImageUtil.c(278): error:  #20: identifier "Mati" is undefined
Source\ImageUtil.c(278): error:  #18: expected a ")"
compiling RAWUtil.c...
.\Include\RAWUtil.h(9): warning:  #1-D: last line of file ends without a newline
Source\RAWUtil.c(72): warning:  #1-D: last line of file ends without a newline
".\obj\Image Processing.axf" - 30 Errors, 3 Warning(s).
Target not created
Build target 'ImageProc'
compiling ImageUtil.c...
Source\ImageUtil.c(15): error:  #260-D: explicit type is missing ("int" assumed)
Source\ImageUtil.c(179): error:  #260-D: explicit type is missing ("int" assumed)
Source\ImageUtil.c(179): error:  #18: expected a ")"
Source\ImageUtil.c(179): error:  #147-D: declaration is incompatible with "double *sobel_edge(const int *, const int *, const double *, int, int)" (declared at line 11 of ".\Include\ImageUtil.h")
Source\ImageUtil.c(182): error:  #20: identifier "GX" is undefined
Source\ImageUtil.c(182): error:  #20: identifier "image" is undefined
Source\ImageUtil.c(184): error:  #18: expected a ")"
Source\ImageUtil.c(184): error:  #92: identifier-list parameters may only be used in a function definition
Source\ImageUtil.c(200): error:  #20: identifier "GY" is undefined
Source\ImageUtil.c(204): error:  #852: expression must be a pointer to a complete object type
Source\ImageUtil.c(209): error:  #18: expected a ")"
Source\ImageUtil.c(209): error:  #92: identifier-list parameters may only be used in a function definition
Source\ImageUtil.c(213): error:  #20: identifier "t1" is undefined
Source\ImageUtil.c(216): error:  #852: expression must be a pointer to a complete object type
Source\ImageUtil.c(218): error:  #852: expression must be a pointer to a complete object type
Source\ImageUtil.c(220): error:  #20: identifier "t2" is undefined
Source\ImageUtil.c(223): error:  #852: expression must be a pointer to a complete object type
Source\ImageUtil.c(227): error:  #120: return value type does not match the function type
Source\ImageUtil.c(236): error:  #260-D: explicit type is missing ("int" assumed)
Source\ImageUtil.c(236): error:  #18: expected a ")"
Source\ImageUtil.c(236): error:  #147-D: declaration is incompatible with "double *line_detect(const int *, const double *)" (declared at line 12 of ".\Include\ImageUtil.h")
Source\ImageUtil.c(239): error:  #20: identifier "mask" is undefined
Source\ImageUtil.c(239): error:  #20: identifier "image" is undefined
Source\ImageUtil.c(241): error:  #18: expected a ")"
Source\ImageUtil.c(241): error:  #92: identifier-list parameters may only be used in a function definition
Source\ImageUtil.c(256): error:  #852: expression must be a pointer to a complete object type
Source\ImageUtil.c(260): error:  #120: return value type does not match the function type
Source\ImageUtil.c(268): error:  #147-D: declaration is incompatible with "double round(double)__pure" (declared at line 815 of "C:\Keil\ARM\ARMCC\bin\..\include\math.h")
Source\ImageUtil.c(278): error:  #20: identifier "Mati" is undefined
Source\ImageUtil.c(278): error:  #18: expected a ")"
compiling RAWUtil.c...
.\Include\RAWUtil.h(9): warning:  #1-D: last line of file ends without a newline
Source\RAWUtil.c(72): warning:  #1-D: last line of file ends without a newline
".\obj\Image Processing.axf" - 30 Errors, 2 Warning(s).
Target not created
Build target 'ImageProc'
compiling ImageUtil.c...
Source\ImageUtil.c(15): error:  #260-D: explicit type is missing ("int" assumed)
".\obj\Image Processing.axf" - 1 Errors, 0 Warning(s).
Target not created
Build target 'ImageProc'
compiling ImageUtil.c...
linking...
.\obj\Image Processing.axf: Error: L6200E: Symbol __stdin multiply defined (by stdio_streams.o and fputc_debug.o).
.\obj\Image Processing.axf: Error: L6200E: Symbol __stdout multiply defined (by stdio_streams.o and fputc_debug.o).
.\obj\Image Processing.axf: Error: L6200E: Symbol print_kernel multiply defined (by imageutil.o and main.o).
".\obj\Image Processing.axf" - 3 Errors, 0 Warning(s).
Target not created
Build target 'ImageProc'
compiling ImageUtil.c...
linking...
.\obj\Image Processing.axf: Error: L6200E: Symbol __stdin multiply defined (by stdio_streams.o and fputc_debug.o).
.\obj\Image Processing.axf: Error: L6200E: Symbol __stdout multiply defined (by stdio_streams.o and fputc_debug.o).
.\obj\Image Processing.axf: Error: L6200E: Symbol print_kernel multiply defined (by imageutil.o and main.o).
".\obj\Image Processing.axf" - 3 Errors, 0 Warning(s).
Target not created
Build target 'ImageProc'
compiling ImageUtil.c...
linking...
.\obj\Image Processing.axf: Error: L6200E: Symbol __stdin multiply defined (by stdio_streams.o and fputc_debug.o).
.\obj\Image Processing.axf: Error: L6200E: Symbol __stdout multiply defined (by stdio_streams.o and fputc_debug.o).
.\obj\Image Processing.axf: Error: L6200E: Symbol print_kernel multiply defined (by imageutil.o and main.o).
".\obj\Image Processing.axf" - 3 Errors, 0 Warning(s).
Target not created
Build target 'ImageProc'
compiling main.c...
linking...
.\obj\Image Processing.axf: Error: L6200E: Symbol __stdin multiply defined (by stdio_streams.o and fputc_debug.o).
.\obj\Image Processing.axf: Error: L6200E: Symbol __stdout multiply defined (by stdio_streams.o and fputc_debug.o).
".\obj\Image Processing.axf" - 2 Errors, 0 Warning(s).
Target not created
Build target 'ImageProc'
compiling main.c...
linking...
.\obj\Image Processing.axf: Error: L6200E: Symbol __stdin multiply defined (by stdio_streams.o and fputc_debug.o).
.\obj\Image Processing.axf: Error: L6200E: Symbol __stdout multiply defined (by stdio_streams.o and fputc_debug.o).
".\obj\Image Processing.axf" - 2 Errors, 0 Warning(s).
Target not created
Build target 'ImageProc'
compiling main.c...
linking...
.\obj\Image Processing.axf: Error: L6200E: Symbol __stdin multiply defined (by stdio_streams.o and fputc_debug.o).
.\obj\Image Processing.axf: Error: L6200E: Symbol __stdout multiply defined (by stdio_streams.o and fputc_debug.o).
".\obj\Image Processing.axf" - 2 Errors, 0 Warning(s).
Target not created
Build target 'ImageProc'
compiling ImageUtil.c...
linking...
.\obj\Image Processing.axf: Error: L6200E: Symbol __stdin multiply defined (by stdio_streams.o and fputc_debug.o).
.\obj\Image Processing.axf: Error: L6200E: Symbol __stdout multiply defined (by stdio_streams.o and fputc_debug.o).
".\obj\Image Processing.axf" - 2 Errors, 0 Warning(s).
Target not created
Build target 'ImageProc'
compiling ImageUtil.c...
linking...
.\obj\Image Processing.axf: Error: L6200E: Symbol __stdin multiply defined (by stdio_streams.o and fputc_debug.o).
.\obj\Image Processing.axf: Error: L6200E: Symbol __stdout multiply defined (by stdio_streams.o and fputc_debug.o).
".\obj\Image Processing.axf" - 2 Errors, 0 Warning(s).
Target not created
Build target 'ImageProc'
compiling ImageUtil.c...
Source\ImageUtil.c(19): warning:  #223-D: function "printf" declared implicitly
Source\ImageUtil.c(115): warning:  #223-D: function "printf" declared implicitly
Source\ImageUtil.c(117): warning:  #223-D: function "printf" declared implicitly
linking...
.\obj\Image Processing.axf: Error: L6200E: Symbol __stdin multiply defined (by stdio_streams.o and fputc_debug.o).
.\obj\Image Processing.axf: Error: L6200E: Symbol __stdout multiply defined (by stdio_streams.o and fputc_debug.o).
".\obj\Image Processing.axf" - 2 Errors, 3 Warning(s).
Target not created
Build target 'ImageProc'
compiling ImageUtil.c...
linking...
.\obj\Image Processing.axf: Error: L6200E: Symbol __stdin multiply defined (by stdio_streams.o and fputc_debug.o).
.\obj\Image Processing.axf: Error: L6200E: Symbol __stdout multiply defined (by stdio_streams.o and fputc_debug.o).
".\obj\Image Processing.axf" - 2 Errors, 0 Warning(s).
Target not created
Build target 'ImageProc'
compiling ImageUtil.c...
linking...
.\obj\Image Processing.axf: Error: L6200E: Symbol __stdin multiply defined (by stdio_streams.o and fputc_debug.o).
.\obj\Image Processing.axf: Error: L6200E: Symbol __stdout multiply defined (by stdio_streams.o and fputc_debug.o).
".\obj\Image Processing.axf" - 2 Errors, 0 Warning(s).
Target not created
Build target 'ImageProc'
compiling ImageUtil.c...
linking...
.\obj\Image Processing.axf: Error: L6200E: Symbol __stdin multiply defined (by stdio_streams.o and fputc_debug.o).
.\obj\Image Processing.axf: Error: L6200E: Symbol __stdout multiply defined (by stdio_streams.o and fputc_debug.o).
".\obj\Image Processing.axf" - 2 Errors, 0 Warning(s).
Target not created
Build target 'ImageProc'
compiling fputc_debug.c...
Source\fputc_debug.c(14): error:  #20: identifier "FILE" is undefined
Source\fputc_debug.c(15): error:  #20: identifier "FILE" is undefined
Source\fputc_debug.c(17): error:  #20: identifier "FILE" is undefined
".\obj\Image Processing.axf" - 3 Errors, 0 Warning(s).
Target not created
Build target 'ImageProc'
compiling fputc_debug.c...
linking...
.\obj\Image Processing.axf: Error: L6200E: Symbol __stdin multiply defined (by stdio_streams.o and fputc_debug.o).
.\obj\Image Processing.axf: Error: L6200E: Symbol __stdout multiply defined (by stdio_streams.o and fputc_debug.o).
".\obj\Image Processing.axf" - 2 Errors, 0 Warning(s).
Target not created
Rebuild target 'ImageProc'
compiling fputc_debug.c...
compiling main.c...
compiling ImageUtil.c...
compiling RAWUtil.c...
.\Include\RAWUtil.h(9): warning:  #1-D: last line of file ends without a newline
Source\RAWUtil.c(72): warning:  #1-D: last line of file ends without a newline
assembling startup_stm32f40xx.s...
compiling misc.c...
compiling stm32f4xx_adc.c...
compiling stm32f4xx_can.c...
compiling stm32f4xx_crc.c...
compiling stm32f4xx_cryp.c...
compiling stm32f4xx_cryp_aes.c...
".\obj\Image Processing.axf" - 0 Errors, 2 Warning(s).
Project build/rebuild aborted.
Rebuild target 'ImageProc'
compiling fputc_debug.c...
compiling main.c...
compiling ImageUtil.c...
compiling RAWUtil.c...
assembling startup_stm32f40xx.s...
compiling misc.c...
compiling stm32f4xx_adc.c...
compiling stm32f4xx_can.c...
compiling stm32f4xx_crc.c...
compiling stm32f4xx_cryp.c...
compiling stm32f4xx_cryp_aes.c...
compiling stm32f4xx_cryp_des.c...
compiling stm32f4xx_cryp_tdes.c...
compiling stm32f4xx_dac.c...
compiling stm32f4xx_dbgmcu.c...
compiling stm32f4xx_dcmi.c...
compiling stm32f4xx_dma.c...
compiling stm32f4xx_exti.c...
compiling stm32f4xx_flash.c...
compiling stm32f4xx_fsmc.c...
compiling stm32f4xx_gpio.c...
compiling stm32f4xx_hash.c...
compiling stm32f4xx_hash_md5.c...
compiling stm32f4xx_hash_sha1.c...
compiling stm32f4xx_i2c.c...
compiling stm32f4xx_iwdg.c...
compiling stm32f4xx_pwr.c...
compiling stm32f4xx_rcc.c...
compiling stm32f4xx_rng.c...
compiling stm32f4xx_rtc.c...
compiling stm32f4xx_sdio.c...
compiling stm32f4xx_spi.c...
compiling stm32f4xx_syscfg.c...
compiling stm32f4xx_tim.c...
compiling stm32f4xx_usart.c...
compiling stm32f4xx_wwdg.c...
compiling stm32f4_discovery.c...
compiling stm32f4xx_it.c...
compiling system_stm32f4xx.c...
linking...
.\obj\Image Processing.axf: Error: L6200E: Symbol __stdin multiply defined (by stdio_streams.o and fputc_debug.o).
.\obj\Image Processing.axf: Error: L6200E: Symbol __stdout multiply defined (by stdio_streams.o and fputc_debug.o).
".\obj\Image Processing.axf" - 2 Errors, 0 Warning(s).
Target not created
Build target 'ImageProc'
linking...
.\obj\Image Processing.axf: Error: L6200E: Symbol __stdin multiply defined (by stdio_streams.o and fputc_debug.o).
.\obj\Image Processing.axf: Error: L6200E: Symbol __stdout multiply defined (by stdio_streams.o and fputc_debug.o).
".\obj\Image Processing.axf" - 2 Errors, 0 Warning(s).
Target not created
Build target 'ImageProc'
compiling ImageUtil.c...
Source\ImageUtil.c(15): error:  #260-D: explicit type is missing ("int" assumed)
".\obj\Image Processing.axf" - 1 Errors, 0 Warning(s).
Target not created
Build target 'ImageProc'
compiling ImageUtil.c...
linking...
.\obj\Image Processing.axf: Error: L6200E: Symbol __stdin multiply defined (by stdio_streams.o and fputc_debug.o).
.\obj\Image Processing.axf: Error: L6200E: Symbol __stdout multiply defined (by stdio_streams.o and fputc_debug.o).
".\obj\Image Processing.axf" - 2 Errors, 0 Warning(s).
Target not created
Build target 'ImageProc'
compiling ImageUtil.c...
linking...
.\obj\Image Processing.axf: Error: L6200E: Symbol __stdin multiply defined (by stdio_streams.o and fputc_debug.o).
.\obj\Image Processing.axf: Error: L6200E: Symbol __stdout multiply defined (by stdio_streams.o and fputc_debug.o).
".\obj\Image Processing.axf" - 2 Errors, 0 Warning(s).
Target not created
Build target 'ImageProc'
linking...
.\obj\Image Processing.axf: Error: L6200E: Symbol __stdin multiply defined (by stdio_streams.o and fputc_debug.o).
.\obj\Image Processing.axf: Error: L6200E: Symbol __stdout multiply defined (by stdio_streams.o and fputc_debug.o).
".\obj\Image Processing.axf" - 2 Errors, 0 Warning(s).
Target not created
Build target 'ImageProc'
compiling RAWUtil.c...
linking...
.\obj\Image Processing.axf: Error: L6200E: Symbol __stdin multiply defined (by stdio_streams.o and fputc_debug.o).
.\obj\Image Processing.axf: Error: L6200E: Symbol __stdout multiply defined (by stdio_streams.o and fputc_debug.o).
".\obj\Image Processing.axf" - 2 Errors, 0 Warning(s).
Target not created
Build target 'ImageProc'
compiling RAWUtil.c...
linking...
.\obj\Image Processing.axf: Error: L6200E: Symbol __stdin multiply defined (by stdio_streams.o and fputc_debug.o).
.\obj\Image Processing.axf: Error: L6200E: Symbol __stdout multiply defined (by stdio_streams.o and fputc_debug.o).
".\obj\Image Processing.axf" - 2 Errors, 0 Warning(s).
Target not created
Build target 'ImageProc'
compiling ImageUtil.c...
linking...
.\obj\Image Processing.axf: Error: L6200E: Symbol __stdin multiply defined (by stdio_streams.o and fputc_debug.o).
.\obj\Image Processing.axf: Error: L6200E: Symbol __stdout multiply defined (by stdio_streams.o and fputc_debug.o).
".\obj\Image Processing.axf" - 2 Errors, 0 Warning(s).
Target not created
Build target 'ImageProc'
compiling ImageUtil.c...
compiling RAWUtil.c...
linking...
Program Size: Code=10480 RO-data=688 RW-data=28 ZI-data=1636  
".\obj\Image Processing.axf" - 0 Errors, 0 Warning(s).
Build target 'ImageProc'
compiling RAWUtil.c...
linking...
.\obj\Image Processing.axf: Error: L6200E: Symbol __stdin multiply defined (by stdio_streams.o and fputc_debug.o).
.\obj\Image Processing.axf: Error: L6200E: Symbol __stdout multiply defined (by stdio_streams.o and fputc_debug.o).
".\obj\Image Processing.axf" - 2 Errors, 0 Warning(s).
Target not created
Build target 'ImageProc'
compiling RAWUtil.c...
linking...
.\obj\Image Processing.axf: Error: L6200E: Symbol __stdin multiply defined (by stdio_streams.o and fputc_debug.o).
.\obj\Image Processing.axf: Error: L6200E: Symbol __stdout multiply defined (by stdio_streams.o and fputc_debug.o).
".\obj\Image Processing.axf" - 2 Errors, 0 Warning(s).
Target not created
Build target 'ImageProc'
compiling RAWUtil.c...
linking...
Program Size: Code=10480 RO-data=688 RW-data=28 ZI-data=1636  
".\obj\Image Processing.axf" - 0 Errors, 0 Warning(s).
Build target 'ImageProc'
compiling main.c...
linking...
.\obj\Image Processing.axf: Error: L6915E: Library reports error: __use_no_semihosting_swi was requested, but _sys_open was referenced
".\obj\Image Processing.axf" - 1 Errors, 0 Warning(s).
Target not created
Build target 'ImageProc'
compiling fputc_debug.c...
linking...
Program Size: Code=10952 RO-data=688 RW-data=28 ZI-data=1636  
".\obj\Image Processing.axf" - 0 Errors, 0 Warning(s).
Load "C:\\Users\\Eran-Tasker (Sager)\\Desktop\\Image Processing\\obj\\Image Processing.axf" 
Erase Done.
Programming Done.
Verify OK.
Build target 'ImageProc'
compiling RAWUtil.c...
linking...
Program Size: Code=11272 RO-data=688 RW-data=28 ZI-data=1636  
".\obj\Image Processing.axf" - 0 Errors, 0 Warning(s).
Load "C:\\Users\\Eran-Tasker (Sager)\\Desktop\\Image Processing\\obj\\Image Processing.axf" 
Erase Done.
Programming Done.
Verify OK.
Build target 'ImageProc'
compiling main.c...
linking...
Program Size: Code=11272 RO-data=688 RW-data=28 ZI-data=1636  
".\obj\Image Processing.axf" - 0 Errors, 0 Warning(s).
Load "C:\\Users\\Eran-Tasker (Sager)\\Desktop\\Image Processing\\obj\\Image Processing.axf" 
Erase Done.
Programming Done.
Verify OK.
Load "C:\\Users\\Eran-Tasker (Sager)\\Desktop\\Image Processing\\obj\\Image Processing.axf" 
Erase Done.
Programming Done.
Verify OK.
Rebuild target 'ImageProc'
compiling fputc_debug.c...
compiling main.c...
compiling ImageUtil.c...
compiling RAWUtil.c...
assembling startup_stm32f40xx.s...
compiling misc.c...
compiling stm32f4xx_adc.c...
compiling stm32f4xx_can.c...
compiling stm32f4xx_crc.c...
compiling stm32f4xx_cryp.c...
compiling stm32f4xx_cryp_aes.c...
compiling stm32f4xx_cryp_des.c...
compiling stm32f4xx_cryp_tdes.c...
compiling stm32f4xx_dac.c...
compiling stm32f4xx_dbgmcu.c...
compiling stm32f4xx_dcmi.c...
compiling stm32f4xx_dma.c...
compiling stm32f4xx_exti.c...
compiling stm32f4xx_flash.c...
compiling stm32f4xx_fsmc.c...
compiling stm32f4xx_gpio.c...
compiling stm32f4xx_hash.c...
compiling stm32f4xx_hash_md5.c...
compiling stm32f4xx_hash_sha1.c...
compiling stm32f4xx_i2c.c...
compiling stm32f4xx_iwdg.c...
compiling stm32f4xx_pwr.c...
compiling stm32f4xx_rcc.c...
compiling stm32f4xx_rng.c...
compiling stm32f4xx_rtc.c...
compiling stm32f4xx_sdio.c...
compiling stm32f4xx_spi.c...
compiling stm32f4xx_syscfg.c...
compiling stm32f4xx_tim.c...
compiling stm32f4xx_usart.c...
compiling stm32f4xx_wwdg.c...
compiling stm32f4_discovery.c...
compiling stm32f4xx_it.c...
compiling system_stm32f4xx.c...
linking...
Program Size: Code=11272 RO-data=688 RW-data=28 ZI-data=1636  
".\obj\Image Processing.axf" - 0 Errors, 0 Warning(s).
Load "C:\\Users\\Eran-Tasker (Sager)\\Desktop\\Image Processing\\obj\\Image Processing.axf" 
Erase Done.
Programming Done.
Verify OK.
Build target 'ImageProc'
compiling fputc_debug.c...
linking...
.\obj\Image Processing.axf: Error: L6915E: Library reports error: __use_no_semihosting_swi was requested, but _sys_open was referenced
".\obj\Image Processing.axf" - 1 Errors, 0 Warning(s).
Target not created
