<html>
<body>
<pre>
<h1>µVision Build Log</h1>
<h2>Project:</h2>
C:\Users\Eran-Tasker (Sager)\Desktop\New folder\Image Processing.uvproj
Project File Date:  10/04/2013

<h2>Output:</h2>
Build target 'Target 1'
assembling startup_stm32f40xx.s...
linking...
.\obj\Image Processing.axf: Warning: L6665W: Neither Lib$$Request$$armlib Lib$$Request$$cpplib defined, not searching ARM libraries.
.\obj\Image Processing.axf: Error: L6411E: No compatible library exists with a definition of startup symbol __main.
".\obj\Image Processing.axf" - 1 Errors, 1 Warning(s).
Target not created
Build target 'Target 1'
compiling main.cpp...
Source\main.cpp(5): warning:  #1-D: last line of file ends without a newline
assembling startup_stm32f40xx.s...
linking...
.\obj\Image Processing.axf: Error: L6218E: Undefined symbol SystemInit (referred from startup_stm32f40xx.o).
".\obj\Image Processing.axf" - 1 Errors, 1 Warning(s).
Target not created
Build target 'Target 1'
compiling main.cpp...
linking...
.\obj\Image Processing.axf: Error: L6218E: Undefined symbol SystemInit (referred from startup_stm32f40xx.o).
".\obj\Image Processing.axf" - 1 Errors, 0 Warning(s).
Target not created
Build target 'Target 1'
compiling main.cpp...
compiling system_stm32f4xx.c...
linking...
Program Size: Code=732 RO-data=424 RW-data=20 ZI-data=1636  
".\obj\Image Processing.axf" - 0 Errors, 0 Warning(s).
Build target 'Target 1'
compiling main.cpp...
compiling system_stm32f4xx.c...
linking...
Program Size: Code=732 RO-data=424 RW-data=20 ZI-data=1636  
".\obj\Image Processing.axf" - 0 Errors, 0 Warning(s).
Build target 'Target 1'
compiling main.cpp...
linking...
Program Size: Code=28828 RO-data=3080 RW-data=160 ZI-data=9440  
".\obj\Image Processing.axf" - 0 Errors, 0 Warning(s).
Build target 'Target 1'
compiling main.cpp...
linking...
Program Size: Code=28828 RO-data=3080 RW-data=160 ZI-data=9440  
".\obj\Image Processing.axf" - 0 Errors, 0 Warning(s).
Build target 'Target 1'
compiling main.cpp...
linking...
Program Size: Code=30432 RO-data=3168 RW-data=164 ZI-data=9444  
".\obj\Image Processing.axf" - 0 Errors, 0 Warning(s).
Load "C:\\Users\\Eran-Tasker (Sager)\\Desktop\\New folder\\obj\\Image Processing.axf" 
Erase Done.
Programming Done.
Verify OK.
Build target 'Target 1'
compiling main.cpp...
linking...
Program Size: Code=30480 RO-data=3168 RW-data=164 ZI-data=9444  
".\obj\Image Processing.axf" - 0 Errors, 0 Warning(s).
Load "C:\\Users\\Eran-Tasker (Sager)\\Desktop\\New folder\\obj\\Image Processing.axf" 
Erase Done.
Programming Done.
Verify OK.
Build target 'Target 1'
compiling main.cpp...
compiling fputc_debug.c...
linking...
.\obj\Image Processing.axf: Error: L6200E: Symbol __stdout multiply defined (by stdio_streams.o and fputc_debug.o).
.\obj\Image Processing.axf: Error: L6200E: Symbol __stdin multiply defined (by stdio_streams.o and fputc_debug.o).
".\obj\Image Processing.axf" - 2 Errors, 0 Warning(s).
Target not created
Build target 'Target 1'
compiling main.cpp...
compiling fputc_debug.c...
linking...
.\obj\Image Processing.axf: Error: L6200E: Symbol __stdin multiply defined (by stdio_streams.o and fputc_debug.o).
.\obj\Image Processing.axf: Error: L6200E: Symbol __stdout multiply defined (by stdio_streams.o and fputc_debug.o).
".\obj\Image Processing.axf" - 2 Errors, 0 Warning(s).
Target not created
Build target 'Target 1'
compiling main.cpp...
linking...
Program Size: Code=960 RO-data=424 RW-data=24 ZI-data=1632  
".\obj\Image Processing.axf" - 0 Errors, 0 Warning(s).
Build target 'Target 1'
compiling main.c...
linking...
Program Size: Code=960 RO-data=424 RW-data=24 ZI-data=1632  
".\obj\Image Processing.axf" - 0 Errors, 0 Warning(s).
Load "C:\\Users\\Eran-Tasker (Sager)\\Desktop\\New folder\\obj\\Image Processing.axf" 
Erase Done.
Programming Done.
Verify OK.
Build target 'Target 1'
compiling main.c...
linking...
Program Size: Code=960 RO-data=424 RW-data=24 ZI-data=1632  
".\obj\Image Processing.axf" - 0 Errors, 0 Warning(s).
Load "C:\\Users\\Eran-Tasker (Sager)\\Desktop\\New folder\\obj\\Image Processing.axf" 
Erase Done.
Programming Done.
Verify OK.
Build target 'Target 1'
linking...
Program Size: Code=960 RO-data=424 RW-data=24 ZI-data=1632  
".\obj\Image Processing.axf" - 0 Errors, 0 Warning(s).
Load "C:\\Users\\Eran-Tasker (Sager)\\Desktop\\New folder\\obj\\Image Processing.axf" 
Erase Done.
Programming Done.
Verify OK.
Build target 'Target 1'
compiling main.c...
linking...
Program Size: Code=960 RO-data=424 RW-data=24 ZI-data=1632  
".\obj\Image Processing.axf" - 0 Errors, 0 Warning(s).
Load "C:\\Users\\Eran-Tasker (Sager)\\Desktop\\New folder\\obj\\Image Processing.axf" 
Erase Done.
Programming Done.
Verify OK.
Build target 'Target 1'
linking...
Program Size: Code=960 RO-data=424 RW-data=24 ZI-data=1632  
".\obj\Image Processing.axf" - 0 Errors, 0 Warning(s).
Load "C:\\Users\\Eran-Tasker (Sager)\\Desktop\\New folder\\obj\\Image Processing.axf" 
Erase Done.
Programming Done.
Verify OK.
Build target 'Target 1'
compiling main.c...
linking...
Program Size: Code=960 RO-data=424 RW-data=24 ZI-data=1632  
".\obj\Image Processing.axf" - 0 Errors, 0 Warning(s).
Build target 'Target 1'
compiling system_stm32f4xx.c...
compiling fputc_debug.c...
compiling main.c...
linking...
Program Size: Code=960 RO-data=424 RW-data=24 ZI-data=1632  
".\obj\Image Processing.axf" - 0 Errors, 0 Warning(s).
Load "C:\\Users\\Eran-Tasker (Sager)\\Desktop\\New folder\\obj\\Image Processing.axf" 
Erase Done.
Programming Done.
Verify OK.
Build target 'Target 1'
compiling system_stm32f4xx.c...
compiling fputc_debug.c...
compiling main.c...
compiling misc.c...
compiling stm32f4xx_adc.c...
compiling stm32f4xx_can.c...
compiling stm32f4xx_crc.c...
compiling stm32f4xx_cryp.c...
compiling stm32f4xx_cryp_aes.c...
compiling stm32f4xx_cryp_des.c...
compiling stm32f4xx_cryp_tdes.c...
compiling stm32f4xx_dac.c...
compiling stm32f4xx_dbgmcu.c...
compiling stm32f4xx_dcmi.c...
compiling stm32f4xx_dma.c...
compiling stm32f4xx_exti.c...
compiling stm32f4xx_flash.c...
compiling stm32f4xx_fsmc.c...
compiling stm32f4xx_gpio.c...
compiling stm32f4xx_hash.c...
compiling stm32f4xx_hash_md5.c...
compiling stm32f4xx_hash_sha1.c...
compiling stm32f4xx_i2c.c...
compiling stm32f4xx_iwdg.c...
compiling stm32f4xx_pwr.c...
compiling stm32f4xx_rcc.c...
compiling stm32f4xx_rng.c...
compiling stm32f4xx_rtc.c...
compiling stm32f4xx_sdio.c...
compiling stm32f4xx_spi.c...
compiling stm32f4xx_syscfg.c...
compiling stm32f4xx_tim.c...
compiling stm32f4xx_usart.c...
compiling stm32f4xx_wwdg.c...
linking...
Program Size: Code=960 RO-data=424 RW-data=24 ZI-data=1632  
".\obj\Image Processing.axf" - 0 Errors, 0 Warning(s).
Load "C:\\Users\\Eran-Tasker (Sager)\\Desktop\\New folder\\obj\\Image Processing.axf" 
Erase Done.
Programming Done.
Verify OK.
