ARM Linker, 5.03 [Build 76] [MDK-ARM Professional]

==============================================================================

Section Cross References

    main.o(.text) refers to imageutil.o(.text) for gaussKernel
    main.o(.text) refers to h1_free.o(.text) for free
    main.o(.text) refers to rawutil.o(.text) for load_raw
    main.o(.text) refers to main.o(.data) for .data
    imageutil.o(.text) refers to _printf_percent.o(.ARM.Collect$$_printf_percent$$00000000) for _printf_percent
    imageutil.o(.text) refers to _printf_f.o(.ARM.Collect$$_printf_percent$$00000003) for _printf_f
    imageutil.o(.text) refers to printf1.o(x$fpl$printf1) for _printf_fp_dec
    imageutil.o(.text) refers to _printf_s.o(.ARM.Collect$$_printf_percent$$00000014) for _printf_s
    imageutil.o(.text) refers to _printf_str.o(.text) for _printf_str
    imageutil.o(.text) refers to h1_alloc.o(.text) for malloc
    imageutil.o(.text) refers to dflt_clz.o(x$fpl$dfltu) for __aeabi_ui2d
    imageutil.o(.text) refers to ddiv.o(x$fpl$ddiv) for __aeabi_ddiv
    imageutil.o(.text) refers to dmul.o(x$fpl$dmul) for __aeabi_dmul
    imageutil.o(.text) refers to dfixu.o(x$fpl$dfixu) for __aeabi_d2uiz
    imageutil.o(.text) refers to dflt_clz.o(x$fpl$dflt) for __aeabi_i2d
    imageutil.o(.text) refers to basic.o(x$fpl$basic) for __aeabi_dneg
    imageutil.o(.text) refers to exp.o(i.__hardfp_exp) for __hardfp_exp
    imageutil.o(.text) refers to daddsub_clz.o(x$fpl$dadd) for __aeabi_dadd
    imageutil.o(.text) refers to noretval__2printf.o(.text) for __2printf
    imageutil.o(.text) refers to calloc.o(.text) for calloc
    imageutil.o(.text) refers to exit.o(.text) for exit
    rawutil.o(.text) refers to _printf_percent.o(.ARM.Collect$$_printf_percent$$00000000) for _printf_percent
    rawutil.o(.text) refers to _printf_d.o(.ARM.Collect$$_printf_percent$$00000009) for _printf_d
    rawutil.o(.text) refers to _printf_dec.o(.text) for _printf_int_dec
    rawutil.o(.text) refers to _printf_s.o(.ARM.Collect$$_printf_percent$$00000014) for _printf_s
    rawutil.o(.text) refers to _printf_str.o(.text) for _printf_str
    rawutil.o(.text) refers to noretval__2printf.o(.text) for __2printf
    rawutil.o(.text) refers to h1_alloc.o(.text) for malloc
    rawutil.o(.text) refers to sys_io.o(.text) for _sys_open
    rawutil.o(.text) refers to h1_free.o(.text) for free
    rawutil.o(.text) refers to exit.o(.text) for exit
    startup_stm32f40xx.o(STACK) refers (Special) to heapauxi.o(.text) for __use_two_region_memory
    startup_stm32f40xx.o(HEAP) refers (Special) to heapauxi.o(.text) for __use_two_region_memory
    startup_stm32f40xx.o(RESET) refers (Special) to heapauxi.o(.text) for __use_two_region_memory
    startup_stm32f40xx.o(RESET) refers to startup_stm32f40xx.o(STACK) for __initial_sp
    startup_stm32f40xx.o(RESET) refers to startup_stm32f40xx.o(.text) for Reset_Handler
    startup_stm32f40xx.o(RESET) refers to stm32f4xx_it.o(.text) for NMI_Handler
    startup_stm32f40xx.o(.text) refers (Special) to heapauxi.o(.text) for __use_two_region_memory
    startup_stm32f40xx.o(.text) refers to system_stm32f4xx.o(.text) for SystemInit
    startup_stm32f40xx.o(.text) refers to __main.o(!!!main) for __main
    startup_stm32f40xx.o(.text) refers to startup_stm32f40xx.o(HEAP) for Heap_Mem
    startup_stm32f40xx.o(.text) refers to startup_stm32f40xx.o(STACK) for Stack_Mem
    stm32f4xx_adc.o(.text) refers to stm32f4xx_rcc.o(.text) for RCC_APB2PeriphResetCmd
    stm32f4xx_can.o(.text) refers to stm32f4xx_rcc.o(.text) for RCC_APB1PeriphResetCmd
    stm32f4xx_cryp.o(.text) refers to stm32f4xx_rcc.o(.text) for RCC_AHB2PeriphResetCmd
    stm32f4xx_cryp_aes.o(.text) refers to stm32f4xx_cryp.o(.text) for CRYP_KeyStructInit
    stm32f4xx_cryp_des.o(.text) refers to stm32f4xx_cryp.o(.text) for CRYP_KeyStructInit
    stm32f4xx_cryp_tdes.o(.text) refers to stm32f4xx_cryp.o(.text) for CRYP_KeyStructInit
    stm32f4xx_dac.o(.text) refers to stm32f4xx_rcc.o(.text) for RCC_APB1PeriphResetCmd
    stm32f4xx_gpio.o(.text) refers to stm32f4xx_rcc.o(.text) for RCC_AHB1PeriphResetCmd
    stm32f4xx_hash.o(.text) refers to stm32f4xx_rcc.o(.text) for RCC_AHB2PeriphResetCmd
    stm32f4xx_hash_md5.o(.text) refers to stm32f4xx_hash.o(.text) for HASH_DeInit
    stm32f4xx_hash_sha1.o(.text) refers to stm32f4xx_hash.o(.text) for HASH_DeInit
    stm32f4xx_i2c.o(.text) refers to stm32f4xx_rcc.o(.text) for RCC_APB1PeriphResetCmd
    stm32f4xx_pwr.o(.text) refers to stm32f4xx_rcc.o(.text) for RCC_APB1PeriphResetCmd
    stm32f4xx_rcc.o(.text) refers to stm32f4xx_rcc.o(.data) for .data
    stm32f4xx_rng.o(.text) refers to stm32f4xx_rcc.o(.text) for RCC_AHB2PeriphResetCmd
    stm32f4xx_sdio.o(.text) refers to stm32f4xx_rcc.o(.text) for RCC_APB2PeriphResetCmd
    stm32f4xx_spi.o(.text) refers to stm32f4xx_rcc.o(.text) for RCC_APB1PeriphResetCmd
    stm32f4xx_syscfg.o(.text) refers to stm32f4xx_rcc.o(.text) for RCC_APB2PeriphResetCmd
[...]
    ../clib/heapalloc.c                      0x00000000   Number         0  hguard.o ABSOLUTE
    ../clib/heapalloc.c                      0x00000000   Number         0  term_alloc.o ABSOLUTE
    ../clib/heapaux.c                        0x00000000   Number         0  heapauxi.o ABSOLUTE
    ../clib/heapaux.c                        0x00000000   Number         0  heapauxa.o ABSOLUTE
    ../clib/libinit.s                        0x00000000   Number         0  libshutdown.o ABSOLUTE
    ../clib/libinit.s                        0x00000000   Number         0  libshutdown2.o ABSOLUTE
    ../clib/libinit.s                        0x00000000   Number         0  libinit.o ABSOLUTE
    ../clib/libinit.s                        0x00000000   Number         0  libinit2.o ABSOLUTE
    ../clib/locale.s                         0x00000000   Number         0  lc_numeric_c.o ABSOLUTE
    ../clib/longlong.s                       0x00000000   Number         0  lludiv10.o ABSOLUTE
    ../clib/memcpset.s                       0x00000000   Number         0  strcmpv7m.o ABSOLUTE
    ../clib/memcpset.s                       0x00000000   Number         0  rt_memclr.o ABSOLUTE
    ../clib/memcpset.s                       0x00000000   Number         0  rt_memcpy_w.o ABSOLUTE
    ../clib/memcpset.s                       0x00000000   Number         0  rt_memclr_w.o ABSOLUTE
    ../clib/printf.c                         0x00000000   Number         0  __printf_nopercent.o ABSOLUTE
    ../clib/printf.c                         0x00000000   Number         0  _printf_char.o ABSOLUTE
    ../clib/printf.c                         0x00000000   Number         0  _printf_fp_dec.o ABSOLUTE
    ../clib/printf.c                         0x00000000   Number         0  _printf_char_common.o ABSOLUTE
    ../clib/printf.c                         0x00000000   Number         0  __printf_flags_ss_wp.o ABSOLUTE
    ../clib/printf.c                         0x00000000   Number         0  __printf_ss_wp.o ABSOLUTE
    ../clib/printf.c                         0x00000000   Number         0  __printf_flags_wp.o ABSOLUTE
    ../clib/printf.c                         0x00000000   Number         0  __printf_wp.o ABSOLUTE
    ../clib/printf.c                         0x00000000   Number         0  _printf_fp_infnan.o ABSOLUTE
    ../clib/printf.c                         0x00000000   Number         0  __printf_ss.o ABSOLUTE
    ../clib/printf.c                         0x00000000   Number         0  _printf_intcommon.o ABSOLUTE
    ../clib/printf.c                         0x00000000   Number         0  __printf_flags.o ABSOLUTE
    ../clib/printf.c                         0x00000000   Number         0  _printf_dec.o ABSOLUTE
    ../clib/printf.c                         0x00000000   Number         0  _printf_str.o ABSOLUTE
    ../clib/printf.c                         0x00000000   Number         0  __printf_flags_ss.o ABSOLUTE
    ../clib/printf.c                         0x00000000   Number         0  __printf.o ABSOLUTE
    ../clib/printf.c                         0x00000000   Number         0  noretval__2printf.o ABSOLUTE
    ../clib/printf.c                         0x00000000   Number         0  __2printf.o ABSOLUTE
    ../clib/printf.c                         0x00000000   Number         0  _printf_char_file.o ABSOLUTE
    ../clib/printf_percent.s                 0x00000000   Number         0  _printf_d.o ABSOLUTE
    ../clib/printf_percent.s                 0x00000000   Number         0  _printf_s.o ABSOLUTE
    ../clib/printf_percent.s                 0x00000000   Number         0  _printf_f.o ABSOLUTE
    ../clib/printf_percent.s                 0x00000000   Number         0  _printf_percent.o ABSOLUTE
    ../clib/printf_percent.s                 0x00000000   Number         0  _printf_percent_end.o ABSOLUTE
    ../clib/signal.c                         0x00000000   Number         0  defsig_abrt_inner.o ABSOLUTE
    ../clib/signal.c                         0x00000000   Number         0  defsig_exit.o ABSOLUTE
    ../clib/signal.c                         0x00000000   Number         0  defsig_rtmem_formal.o ABSOLUTE
    ../clib/signal.c                         0x00000000   Number         0  defsig_rtmem_inner.o ABSOLUTE
    ../clib/signal.c                         0x00000000   Number         0  defsig_fpe_inner.o ABSOLUTE
    ../clib/signal.c                         0x00000000   Number         0  defsig_rtred_inner.o ABSOLUTE
    ../clib/signal.c                         0x00000000   Number         0  defsig_rtmem_outer.o ABSOLUTE
    ../clib/signal.c                         0x00000000   Number         0  defsig_cppl_inner.o ABSOLUTE
    ../clib/signal.c                         0x00000000   Number         0  defsig_stak_inner.o ABSOLUTE
    ../clib/signal.c                         0x00000000   Number         0  defsig_general.o ABSOLUTE
    ../clib/signal.c                         0x00000000   Number         0  defsig_pvfn_inner.o ABSOLUTE
    ../clib/signal.c                         0x00000000   Number         0  defsig_segv_inner.o ABSOLUTE
    ../clib/signal.c                         0x00000000   Number         0  defsig_other.o ABSOLUTE
    ../clib/signal.c                         0x00000000   Number         0  __raise.o ABSOLUTE
    ../clib/signal.s                         0x00000000   Number         0  defsig.o ABSOLUTE
    ../clib/stdio.c                          0x00000000   Number         0  ferror_locked.o ABSOLUTE
    ../clib/stdio.c                          0x00000000   Number         0  ferror.o ABSOLUTE
    ../clib/stdlib.c                         0x00000000   Number         0  exit.o ABSOLUTE
    ../clib/string.c                         0x00000000   Number         0  strlen.o ABSOLUTE
    ../fplib/basic.s                         0x00000000   Number         0  basic.o ABSOLUTE
    ../fplib/daddsub.s                       0x00000000   Number         0  daddsub_clz.o ABSOLUTE
    ../fplib/dcmpi.s                         0x00000000   Number         0  dcmpi.o ABSOLUTE
    ../fplib/ddiv.s                          0x00000000   Number         0  ddiv.o ABSOLUTE
    ../fplib/dfix.s                          0x00000000   Number         0  dfix.o ABSOLUTE
    ../fplib/dfixu.s                         0x00000000   Number         0  dfixu.o ABSOLUTE
    ../fplib/dflt.s                          0x00000000   Number         0  dflt_clz.o ABSOLUTE
    ../fplib/dleqf.s                         0x00000000   Number         0  dleqf.o ABSOLUTE
    ../fplib/dmul.s                          0x00000000   Number         0  dmul.o ABSOLUTE
    ../fplib/dnaninf.s                       0x00000000   Number         0  dnaninf.o ABSOLUTE
    ../fplib/dretinf.s                       0x00000000   Number         0  dretinf.o ABSOLUTE
    ../fplib/drleqf.s                        0x00000000   Number         0  drleqf.o ABSOLUTE
    ../fplib/fpinit.s                        0x00000000   Number         0  fpinit.o ABSOLUTE
    ../fplib/istatus.s                       0x00000000   Number         0  istatus.o ABSOLUTE
    ../fplib/printf1.s                       0x00000000   Number         0  printf1.o ABSOLUTE
    ../fplib/usenofp.s                       0x00000000   Number         0  usenofp.o ABSOLUTE
    ../mathlib/dunder.c                      0x00000000   Number         0  dunder.o ABSOLUTE
    ../mathlib/exp.c                         0x00000000   Number         0  exp_x.o ABSOLUTE
    ../mathlib/exp.c                         0x00000000   Number         0  exp.o ABSOLUTE
    ../mathlib/fpclassify.c                  0x00000000   Number         0  fpclassify.o ABSOLUTE
    ../mathlib/poly.c                        0x00000000   Number         0  poly.o ABSOLUTE
    ../mathlib/qnan.c                        0x00000000   Number         0  qnan.o ABSOLUTE
    ASM\startup_stm32f40xx.s                 0x00000000   Number         0  startup_stm32f40xx.o ABSOLUTE
    C:\STM32F4-Discovery_FW_V1.1.0\Libraries\STM32F4xx_StdPeriph_Driver\src\misc.c 0x00000000   Number         0  misc.o ABSOLUTE
    C:\STM32F4-Discovery_FW_V1.1.0\Libraries\STM32F4xx_StdPeriph_Driver\src\stm32f4xx_adc.c 0x00000000   Number         0  stm32f4xx_adc.o ABSOLUTE
    C:\STM32F4-Discovery_FW_V1.1.0\Libraries\STM32F4xx_StdPeriph_Driver\src\stm32f4xx_can.c 0x00000000   Number         0  stm32f4xx_can.o ABSOLUTE
    C:\STM32F4-Discovery_FW_V1.1.0\Libraries\STM32F4xx_StdPeriph_Driver\src\stm32f4xx_crc.c 0x00000000   Number         0  stm32f4xx_crc.o ABSOLUTE
    C:\STM32F4-Discovery_FW_V1.1.0\Libraries\STM32F4xx_StdPeriph_Driver\src\stm32f4xx_cryp.c 0x00000000   Number         0  stm32f4xx_cryp.o ABSOLUTE
    C:\STM32F4-Discovery_FW_V1.1.0\Libraries\STM32F4xx_StdPeriph_Driver\src\stm32f4xx_cryp_aes.c 0x00000000   Number         0  stm32f4xx_cryp_aes.o ABSOLUTE
    C:\STM32F4-Discovery_FW_V1.1.0\Libraries\STM32F4xx_StdPeriph_Driver\src\stm32f4xx_cryp_des.c 0x00000000   Number         0  stm32f4xx_cryp_des.o ABSOLUTE
    C:\STM32F4-Discovery_FW_V1.1.0\Libraries\STM32F4xx_StdPeriph_Driver\src\stm32f4xx_cryp_tdes.c 0x00000000   Number         0  stm32f4xx_cryp_tdes.o ABSOLUTE
    C:\STM32F4-Discovery_FW_V1.1.0\Libraries\STM32F4xx_StdPeriph_Driver\src\stm32f4xx_dac.c 0x00000000   Number         0  stm32f4xx_dac.o ABSOLUTE
    C:\STM32F4-Discovery_FW_V1.1.0\Libraries\STM32F4xx_StdPeriph_Driver\src\stm32f4xx_dbgmcu.c 0x00000000   Number         0  stm32f4xx_dbgmcu.o ABSOLUTE
    C:\STM32F4-Discovery_FW_V1.1.0\Libraries\STM32F4xx_StdPeriph_Driver\src\stm32f4xx_dcmi.c 0x00000000   Number         0  stm32f4xx_dcmi.o ABSOLUTE
    C:\STM32F4-Discovery_FW_V1.1.0\Libraries\STM32F4xx_StdPeriph_Driver\src\stm32f4xx_dma.c 0x00000000   Number         0  stm32f4xx_dma.o ABSOLUTE
    C:\STM32F4-Discovery_FW_V1.1.0\Libraries\STM32F4xx_StdPeriph_Driver\src\stm32f4xx_exti.c 0x00000000   Number         0  stm32f4xx_exti.o ABSOLUTE
    C:\STM32F4-Discovery_FW_V1.1.0\Libraries\STM32F4xx_StdPeriph_Driver\src\stm32f4xx_flash.c 0x00000000   Number         0  stm32f4xx_flash.o ABSOLUTE
    C:\STM32F4-Discovery_FW_V1.1.0\Libraries\STM32F4xx_StdPeriph_Driver\src\stm32f4xx_fsmc.c 0x00000000   Number         0  stm32f4xx_fsmc.o ABSOLUTE
    C:\STM32F4-Discovery_FW_V1.1.0\Libraries\STM32F4xx_StdPeriph_Driver\src\stm32f4xx_gpio.c 0x00000000   Number         0  stm32f4xx_gpio.o ABSOLUTE
    C:\STM32F4-Discovery_FW_V1.1.0\Libraries\STM32F4xx_StdPeriph_Driver\src\stm32f4xx_hash.c 0x00000000   Number         0  stm32f4xx_hash.o ABSOLUTE
    C:\STM32F4-Discovery_FW_V1.1.0\Libraries\STM32F4xx_StdPeriph_Driver\src\stm32f4xx_hash_md5.c 0x00000000   Number         0  stm32f4xx_hash_md5.o ABSOLUTE
    C:\STM32F4-Discovery_FW_V1.1.0\Libraries\STM32F4xx_StdPeriph_Driver\src\stm32f4xx_hash_sha1.c 0x00000000   Number         0  stm32f4xx_hash_sha1.o ABSOLUTE
    C:\STM32F4-Discovery_FW_V1.1.0\Libraries\STM32F4xx_StdPeriph_Driver\src\stm32f4xx_i2c.c 0x00000000   Number         0  stm32f4xx_i2c.o ABSOLUTE
    C:\STM32F4-Discovery_FW_V1.1.0\Libraries\STM32F4xx_StdPeriph_Driver\src\stm32f4xx_iwdg.c 0x00000000   Number         0  stm32f4xx_iwdg.o ABSOLUTE
    C:\STM32F4-Discovery_FW_V1.1.0\Libraries\STM32F4xx_StdPeriph_Driver\src\stm32f4xx_pwr.c 0x00000000   Number         0  stm32f4xx_pwr.o ABSOLUTE
    C:\STM32F4-Discovery_FW_V1.1.0\Libraries\STM32F4xx_StdPeriph_Driver\src\stm32f4xx_rcc.c 0x00000000   Number         0  stm32f4xx_rcc.o ABSOLUTE
    C:\STM32F4-Discovery_FW_V1.1.0\Libraries\STM32F4xx_StdPeriph_Driver\src\stm32f4xx_rng.c 0x00000000   Number         0  stm32f4xx_rng.o ABSOLUTE
    C:\STM32F4-Discovery_FW_V1.1.0\Libraries\STM32F4xx_StdPeriph_Driver\src\stm32f4xx_rtc.c 0x00000000   Number         0  stm32f4xx_rtc.o ABSOLUTE
    C:\STM32F4-Discovery_FW_V1.1.0\Libraries\STM32F4xx_StdPeriph_Driver\src\stm32f4xx_sdio.c 0x00000000   Number         0  stm32f4xx_sdio.o ABSOLUTE
    C:\STM32F4-Discovery_FW_V1.1.0\Libraries\STM32F4xx_StdPeriph_Driver\src\stm32f4xx_spi.c 0x00000000   Number         0  stm32f4xx_spi.o ABSOLUTE
    C:\STM32F4-Discovery_FW_V1.1.0\Libraries\STM32F4xx_StdPeriph_Driver\src\stm32f4xx_syscfg.c 0x00000000   Number         0  stm32f4xx_syscfg.o ABSOLUTE
    C:\STM32F4-Discovery_FW_V1.1.0\Libraries\STM32F4xx_StdPeriph_Driver\src\stm32f4xx_tim.c 0x00000000   Number         0  stm32f4xx_tim.o ABSOLUTE
    C:\STM32F4-Discovery_FW_V1.1.0\Libraries\STM32F4xx_StdPeriph_Driver\src\stm32f4xx_usart.c 0x00000000   Number         0  stm32f4xx_usart.o ABSOLUTE
    C:\STM32F4-Discovery_FW_V1.1.0\Libraries\STM32F4xx_StdPeriph_Driver\src\stm32f4xx_wwdg.c 0x00000000   Number         0  stm32f4xx_wwdg.o ABSOLUTE
    C:\STM32F4-Discovery_FW_V1.1.0\Utilities\STM32F4-Discovery\stm32f4_discovery.c 0x00000000   Number         0  stm32f4_discovery.o ABSOLUTE
    C:\\STM32F4-Discovery_FW_V1.1.0\\Libraries\\STM32F4xx_StdPeriph_Driver\\src\\misc.c 0x00000000   Number         0  misc.o ABSOLUTE
    C:\\STM32F4-Discovery_FW_V1.1.0\\Libraries\\STM32F4xx_StdPeriph_Driver\\src\\stm32f4xx_adc.c 0x00000000   Number         0  stm32f4xx_adc.o ABSOLUTE
    C:\\STM32F4-Discovery_FW_V1.1.0\\Libraries\\STM32F4xx_StdPeriph_Driver\\src\\stm32f4xx_can.c 0x00000000   Number         0  stm32f4xx_can.o ABSOLUTE
    C:\\STM32F4-Discovery_FW_V1.1.0\\Libraries\\STM32F4xx_StdPeriph_Driver\\src\\stm32f4xx_crc.c 0x00000000   Number         0  stm32f4xx_crc.o ABSOLUTE
    C:\\STM32F4-Discovery_FW_V1.1.0\\Libraries\\STM32F4xx_StdPeriph_Driver\\src\\stm32f4xx_cryp.c 0x00000000   Number         0  stm32f4xx_cryp.o ABSOLUTE
    C:\\STM32F4-Discovery_FW_V1.1.0\\Libraries\\STM32F4xx_StdPeriph_Driver\\src\\stm32f4xx_cryp_aes.c 0x00000000   Number         0  stm32f4xx_cryp_aes.o ABSOLUTE
    C:\\STM32F4-Discovery_FW_V1.1.0\\Libraries\\STM32F4xx_StdPeriph_Driver\\src\\stm32f4xx_cryp_des.c 0x00000000   Number         0  stm32f4xx_cryp_des.o ABSOLUTE
    C:\\STM32F4-Discovery_FW_V1.1.0\\Libraries\\STM32F4xx_StdPeriph_Driver\\src\\stm32f4xx_cryp_tdes.c 0x00000000   Number         0  stm32f4xx_cryp_tdes.o ABSOLUTE
    C:\\STM32F4-Discovery_FW_V1.1.0\\Libraries\\STM32F4xx_StdPeriph_Driver\\src\\stm32f4xx_dac.c 0x00000000   Number         0  stm32f4xx_dac.o ABSOLUTE
    C:\\STM32F4-Discovery_FW_V1.1.0\\Libraries\\STM32F4xx_StdPeriph_Driver\\src\\stm32f4xx_dbgmcu.c 0x00000000   Number         0  stm32f4xx_dbgmcu.o ABSOLUTE
    C:\\STM32F4-Discovery_FW_V1.1.0\\Libraries\\STM32F4xx_StdPeriph_Driver\\src\\stm32f4xx_dcmi.c 0x00000000   Number         0  stm32f4xx_dcmi.o ABSOLUTE
    C:\\STM32F4-Discovery_FW_V1.1.0\\Libraries\\STM32F4xx_StdPeriph_Driver\\src\\stm32f4xx_dma.c 0x00000000   Number         0  stm32f4xx_dma.o ABSOLUTE
    C:\\STM32F4-Discovery_FW_V1.1.0\\Libraries\\STM32F4xx_StdPeriph_Driver\\src\\stm32f4xx_exti.c 0x00000000   Number         0  stm32f4xx_exti.o ABSOLUTE
    C:\\STM32F4-Discovery_FW_V1.1.0\\Libraries\\STM32F4xx_StdPeriph_Driver\\src\\stm32f4xx_flash.c 0x00000000   Number         0  stm32f4xx_flash.o ABSOLUTE
    C:\\STM32F4-Discovery_FW_V1.1.0\\Libraries\\STM32F4xx_StdPeriph_Driver\\src\\stm32f4xx_fsmc.c 0x00000000   Number         0  stm32f4xx_fsmc.o ABSOLUTE
    C:\\STM32F4-Discovery_FW_V1.1.0\\Libraries\\STM32F4xx_StdPeriph_Driver\\src\\stm32f4xx_gpio.c 0x00000000   Number         0  stm32f4xx_gpio.o ABSOLUTE
    C:\\STM32F4-Discovery_FW_V1.1.0\\Libraries\\STM32F4xx_StdPeriph_Driver\\src\\stm32f4xx_hash.c 0x00000000   Number         0  stm32f4xx_hash.o ABSOLUTE
    C:\\STM32F4-Discovery_FW_V1.1.0\\Libraries\\STM32F4xx_StdPeriph_Driver\\src\\stm32f4xx_hash_md5.c 0x00000000   Number         0  stm32f4xx_hash_md5.o ABSOLUTE
    C:\\STM32F4-Discovery_FW_V1.1.0\\Libraries\\STM32F4xx_StdPeriph_Driver\\src\\stm32f4xx_hash_sha1.c 0x00000000   Number         0  stm32f4xx_hash_sha1.o ABSOLUTE
    C:\\STM32F4-Discovery_FW_V1.1.0\\Libraries\\STM32F4xx_StdPeriph_Driver\\src\\stm32f4xx_i2c.c 0x00000000   Number         0  stm32f4xx_i2c.o ABSOLUTE
    C:\\STM32F4-Discovery_FW_V1.1.0\\Libraries\\STM32F4xx_StdPeriph_Driver\\src\\stm32f4xx_iwdg.c 0x00000000   Number         0  stm32f4xx_iwdg.o ABSOLUTE
    C:\\STM32F4-Discovery_FW_V1.1.0\\Libraries\\STM32F4xx_StdPeriph_Driver\\src\\stm32f4xx_pwr.c 0x00000000   Number         0  stm32f4xx_pwr.o ABSOLUTE
    C:\\STM32F4-Discovery_FW_V1.1.0\\Libraries\\STM32F4xx_StdPeriph_Driver\\src\\stm32f4xx_rcc.c 0x00000000   Number         0  stm32f4xx_rcc.o ABSOLUTE
    C:\\STM32F4-Discovery_FW_V1.1.0\\Libraries\\STM32F4xx_StdPeriph_Driver\\src\\stm32f4xx_rng.c 0x00000000   Number         0  stm32f4xx_rng.o ABSOLUTE
    C:\\STM32F4-Discovery_FW_V1.1.0\\Libraries\\STM32F4xx_StdPeriph_Driver\\src\\stm32f4xx_rtc.c 0x00000000   Number         0  stm32f4xx_rtc.o ABSOLUTE
    C:\\STM32F4-Discovery_FW_V1.1.0\\Libraries\\STM32F4xx_StdPeriph_Driver\\src\\stm32f4xx_sdio.c 0x00000000   Number         0  stm32f4xx_sdio.o ABSOLUTE
    C:\\STM32F4-Discovery_FW_V1.1.0\\Libraries\\STM32F4xx_StdPeriph_Driver\\src\\stm32f4xx_spi.c 0x00000000   Number         0  stm32f4xx_spi.o ABSOLUTE
    C:\\STM32F4-Discovery_FW_V1.1.0\\Libraries\\STM32F4xx_StdPeriph_Driver\\src\\stm32f4xx_syscfg.c 0x00000000   Number         0  stm32f4xx_syscfg.o ABSOLUTE
    C:\\STM32F4-Discovery_FW_V1.1.0\\Libraries\\STM32F4xx_StdPeriph_Driver\\src\\stm32f4xx_tim.c 0x00000000   Number         0  stm32f4xx_tim.o ABSOLUTE
    C:\\STM32F4-Discovery_FW_V1.1.0\\Libraries\\STM32F4xx_StdPeriph_Driver\\src\\stm32f4xx_usart.c 0x00000000   Number         0  stm32f4xx_usart.o ABSOLUTE
    C:\\STM32F4-Discovery_FW_V1.1.0\\Libraries\\STM32F4xx_StdPeriph_Driver\\src\\stm32f4xx_wwdg.c 0x00000000   Number         0  stm32f4xx_wwdg.o ABSOLUTE
    C:\\STM32F4-Discovery_FW_V1.1.0\\Utilities\\STM32F4-Discovery\\stm32f4_discovery.c 0x00000000   Number         0  stm32f4_discovery.o ABSOLUTE
    Source\ImageUtil.c                       0x00000000   Number         0  imageutil.o ABSOLUTE
    Source\RAWUtil.c                         0x00000000   Number         0  rawutil.o ABSOLUTE
    Source\\ImageUtil.c                      0x00000000   Number         0  imageutil.o ABSOLUTE
    Source\\fputc_debug.c                    0x00000000   Number         0  fputc_debug.o ABSOLUTE
    Source\\main.c                           0x00000000   Number         0  main.o ABSOLUTE
    Source\fputc_debug.c                     0x00000000   Number         0  fputc_debug.o ABSOLUTE
    Source\main.c                            0x00000000   Number         0  main.o ABSOLUTE
    System\\stm32f4xx_it.c                   0x00000000   Number         0  stm32f4xx_it.o ABSOLUTE
    System\\system_stm32f4xx.c               0x00000000   Number         0  system_stm32f4xx.o ABSOLUTE
    System\stm32f4xx_it.c                    0x00000000   Number         0  stm32f4xx_it.o ABSOLUTE
    System\system_stm32f4xx.c                0x00000000   Number         0  system_stm32f4xx.o ABSOLUTE
    dc.s                                     0x00000000   Number         0  dc.o ABSOLUTE
    RESET                                    0x08000000   Section      392  startup_stm32f40xx.o(RESET)
    !!!main                                  0x08000188   Section        8  __main.o(!!!main)
    !!!scatter                               0x08000190   Section       52  __scatter.o(!!!scatter)
    !!handler_copy                           0x080001c4   Section       26  __scatter_copy.o(!!handler_copy)
    !!handler_zi                             0x080001e0   Section       28  __scatter_zi.o(!!handler_zi)
    .ARM.Collect$$_printf_percent$$00000000  0x080001fc   Section        0  _printf_percent.o(.ARM.Collect$$_printf_percent$$00000000)
    .ARM.Collect$$_printf_percent$$00000003  0x080001fc   Section        6  _printf_f.o(.ARM.Collect$$_printf_percent$$00000003)
    .ARM.Collect$$_printf_percent$$00000009  0x08000202   Section        6  _printf_d.o(.ARM.Collect$$_printf_percent$$00000009)
    .ARM.Collect$$_printf_percent$$00000014  0x08000208   Section        6  _printf_s.o(.ARM.Collect$$_printf_percent$$00000014)
    .ARM.Collect$$_printf_percent$$00000017  0x0800020e   Section        4  _printf_percent_end.o(.ARM.Collect$$_printf_percent$$00000017)
    .ARM.Collect$$libinit$$00000000          0x08000212   Section        2  libinit.o(.ARM.Collect$$libinit$$00000000)
    .ARM.Collect$$libinit$$00000001          0x08000214   Section        4  libinit2.o(.ARM.Collect$$libinit$$00000001)
    .ARM.Collect$$libinit$$00000003          0x08000218   Section        8  libinit2.o(.ARM.Collect$$libinit$$00000003)
    .ARM.Collect$$libinit$$00000008          0x08000220   Section        0  libinit2.o(.ARM.Collect$$libinit$$00000008)
    .ARM.Collect$$libinit$$0000000A          0x08000220   Section        0  libinit2.o(.ARM.Collect$$libinit$$0000000A)
    .ARM.Collect$$libinit$$0000000C          0x08000220   Section        0  libinit2.o(.ARM.Collect$$libinit$$0000000C)
    .ARM.Collect$$libinit$$0000000D          0x08000220   Section        6  libinit2.o(.ARM.Collect$$libinit$$0000000D)
    .ARM.Collect$$libinit$$0000000F          0x08000226   Section        0  libinit2.o(.ARM.Collect$$libinit$$0000000F)
    .ARM.Collect$$libinit$$00000011          0x08000226   Section        0  libinit2.o(.ARM.Collect$$libinit$$00000011)
    .ARM.Collect$$libinit$$00000013          0x08000226   Section        0  libinit2.o(.ARM.Collect$$libinit$$00000013)
    .ARM.Collect$$libinit$$00000014          0x08000226   Section       10  libinit2.o(.ARM.Collect$$libinit$$00000014)
    .ARM.Collect$$libinit$$00000015          0x08000230   Section        0  libinit2.o(.ARM.Collect$$libinit$$00000015)
    .ARM.Collect$$libinit$$00000017          0x08000230   Section        0  libinit2.o(.ARM.Collect$$libinit$$00000017)
    .ARM.Collect$$libinit$$00000019          0x08000230   Section        0  libinit2.o(.ARM.Collect$$libinit$$00000019)
    .ARM.Collect$$libinit$$0000001B          0x08000230   Section        0  libinit2.o(.ARM.Collect$$libinit$$0000001B)
    .ARM.Collect$$libinit$$0000001D          0x08000230   Section        0  libinit2.o(.ARM.Collect$$libinit$$0000001D)
    .ARM.Collect$$libinit$$0000001F          0x08000230   Section        0  libinit2.o(.ARM.Collect$$libinit$$0000001F)
    .ARM.Collect$$libinit$$00000021          0x08000230   Section        0  libinit2.o(.ARM.Collect$$libinit$$00000021)
    .ARM.Collect$$libinit$$00000023          0x08000230   Section        0  libinit2.o(.ARM.Collect$$libinit$$00000023)
    .ARM.Collect$$libinit$$0000002A          0x08000230   Section        0  libinit2.o(.ARM.Collect$$libinit$$0000002A)
    .ARM.Collect$$libinit$$0000002C          0x08000230   Section        0  libinit2.o(.ARM.Collect$$libinit$$0000002C)
    .ARM.Collect$$libinit$$0000002E          0x08000230   Section        0  libinit2.o(.ARM.Collect$$libinit$$0000002E)
    .ARM.Collect$$libinit$$00000030          0x08000230   Section        0  libinit2.o(.ARM.Collect$$libinit$$00000030)
    .ARM.Collect$$libinit$$00000031          0x08000230   Section        2  libinit2.o(.ARM.Collect$$libinit$$00000031)
    .ARM.Collect$$libshutdown$$00000000      0x08000232   Section        2  libshutdown.o(.ARM.Collect$$libshutdown$$00000000)
    .ARM.Collect$$libshutdown$$00000003      0x08000234   Section        0  libshutdown2.o(.ARM.Collect$$libshutdown$$00000003)
    .ARM.Collect$$libshutdown$$00000006      0x08000234   Section        0  libshutdown2.o(.ARM.Collect$$libshutdown$$00000006)
    .ARM.Collect$$libshutdown$$00000009      0x08000234   Section        0  libshutdown2.o(.ARM.Collect$$libshutdown$$00000009)
    .ARM.Collect$$libshutdown$$0000000B      0x08000234   Section        0  libshutdown2.o(.ARM.Collect$$libshutdown$$0000000B)
    .ARM.Collect$$libshutdown$$0000000E      0x08000234   Section        0  libshutdown2.o(.ARM.Collect$$libshutdown$$0000000E)
    .ARM.Collect$$libshutdown$$0000000F      0x08000234   Section        2  libshutdown2.o(.ARM.Collect$$libshutdown$$0000000F)
    .ARM.Collect$$rtentry$$00000000          0x08000236   Section        0  rtentry.o(.ARM.Collect$$rtentry$$00000000)
    .ARM.Collect$$rtentry$$00000002          0x08000236   Section        0  rtentry2.o(.ARM.Collect$$rtentry$$00000002)
    .ARM.Collect$$rtentry$$00000004          0x08000236   Section        6  rtentry4.o(.ARM.Collect$$rtentry$$00000004)
    .ARM.Collect$$rtentry$$00000009          0x0800023c   Section        0  rtentry2.o(.ARM.Collect$$rtentry$$00000009)
    .ARM.Collect$$rtentry$$0000000A          0x0800023c   Section        4  rtentry2.o(.ARM.Collect$$rtentry$$0000000A)
    .ARM.Collect$$rtentry$$0000000C          0x08000240   Section        0  rtentry2.o(.ARM.Collect$$rtentry$$0000000C)
    .ARM.Collect$$rtentry$$0000000D          0x08000240   Section        8  rtentry2.o(.ARM.Collect$$rtentry$$0000000D)
    .ARM.Collect$$rtexit$$00000000           0x08000248   Section        2  rtexit.o(.ARM.Collect$$rtexit$$00000000)
    .ARM.Collect$$rtexit$$00000002           0x0800024a   Section        0  rtexit2.o(.ARM.Collect$$rtexit$$00000002)
    .ARM.Collect$$rtexit$$00000003           0x0800024a   Section        4  rtexit2.o(.ARM.Collect$$rtexit$$00000003)
    .ARM.Collect$$rtexit$$00000004           0x0800024e   Section        6  rtexit2.o(.ARM.Collect$$rtexit$$00000004)
    .emb_text                                0x08000254   Section        0  maybetermalloc1.o(.emb_text)
    .text                                    0x08000254   Section        0  fputc_debug.o(.text)
    ITM_SendChar                             0x0800025f   Thumb Code    32  fputc_debug.o(.text)
    .text                                    0x08000284   Section        0  main.o(.text)
    .text                                    0x080002f0   Section        0  imageutil.o(.text)
    check_ptr                                0x0800060d   Thumb Code    20  imageutil.o(.text)
    .text                                    0x0800070c   Section        0  rawutil.o(.text)
    .text                                    0x08000828   Section       64  startup_stm32f40xx.o(.text)
    $v0                                      0x08000828   Number         0  startup_stm32f40xx.o(.text)
    .text                                    0x08000868   Section        0  stm32f4xx_it.o(.text)
    .text                                    0x0800087c   Section        0  system_stm32f4xx.o(.text)
    SetSysClock                              0x0800087d   Thumb Code   162  system_stm32f4xx.o(.text)
    .text                                    0x080009f8   Section        0  sys_io.o(.text)
    .text                                    0x08000a5e   Section        0  calloc.o(.text)
    .text                                    0x08000a86   Section        0  h1_alloc.o(.text)
    .text                                    0x08000ae4   Section        0  h1_free.o(.text)
    .text                                    0x08000b34   Section        0  noretval__2printf.o(.text)
    .text                                    0x08000b4c   Section        0  __printf.o(.text)
    .text                                    0x08000bb4   Section        0  _printf_str.o(.text)
    .text                                    0x08000c08   Section        0  _printf_dec.o(.text)
    .text                                    0x08000c80   Section        0  exit.o(.text)
    .text                                    0x08000c8c   Section        0  heapauxi.o(.text)
    .text                                    0x08000c92   Section        2  use_no_semi.o(.text)
    .text                                    0x08000c94   Section        0  indicate_semi.o(.text)
    .text                                    0x08000c94   Section        8  rt_heap_descriptor_intlibspace.o(.text)
    .text                                    0x08000c9c   Section        0  hguard.o(.text)
    .text                                    0x08000ca0   Section        0  init_alloc.o(.text)
    .text                                    0x08000d2a   Section        0  h1_init.o(.text)
    .text                                    0x08000d38   Section        0  _rserrno.o(.text)
    .text                                    0x08000d4e   Section        0  _printf_intcommon.o(.text)
    .text                                    0x08000e06   Section        0  _printf_fp_dec.o(.text)
    _fp_digits                               0x08000e09   Thumb Code   426  _printf_fp_dec.o(.text)
    .text                                    0x08001226   Section        0  _printf_char.o(.text)
    .text                                    0x08001254   Section        0  _printf_char_file.o(.text)
    .text                                    0x08001278   Section        0  strlen.o(.text)
    .text                                    0x080012b6   Section       68  rt_memclr.o(.text)
    .text                                    0x080012fc   Section        8  libspace.o(.text)
    .text                                    0x08001304   Section        8  rt_locale_intlibspace.o(.text)
    .text                                    0x0800130c   Section        8  rt_errno_addr_intlibspace.o(.text)
    .text                                    0x08001314   Section        0  h1_extend.o(.text)
    .text                                    0x08001348   Section      138  lludiv10.o(.text)
    .text                                    0x080013d4   Section        0  _printf_char_common.o(.text)
    _printf_input_char                       0x080013d5   Thumb Code    10  _printf_char_common.o(.text)
    .text                                    0x08001404   Section        0  _printf_fp_infnan.o(.text)
    .text                                    0x08001484   Section        0  bigflt0.o(.text)
    .text                                    0x08001568   Section        0  ferror.o(.text)
    .text                                    0x08001570   Section        0  defsig_rtmem_outer.o(.text)
    .text                                    0x0800157e   Section       78  rt_memclr_w.o(.text)
    .text                                    0x080015cc   Section       74  sys_stackheap_outer.o(.text)
    .text                                    0x08001616   Section        0  defsig_exit.o(.text)
    .text                                    0x08001620   Section        0  defsig_rtmem_inner.o(.text)
    .text                                    0x08001670   Section      128  strcmpv7m.o(.text)
    .text                                    0x080016f0   Section        0  defsig_general.o(.text)
    CL$$btod_d2e                             0x08001722   Section       62  btod.o(CL$$btod_d2e)
    CL$$btod_d2e_denorm_low                  0x08001760   Section       70  btod.o(CL$$btod_d2e_denorm_low)
    CL$$btod_d2e_norm_op1                    0x080017a6   Section       96  btod.o(CL$$btod_d2e_norm_op1)
    CL$$btod_div_common                      0x08001806   Section      824  btod.o(CL$$btod_div_common)
    CL$$btod_e2e                             0x08001b3e   Section      198  btod.o(CL$$btod_e2e)
    CL$$btod_ediv                            0x08001c04   Section       40  btod.o(CL$$btod_ediv)
    CL$$btod_emul                            0x08001c2c   Section       40  btod.o(CL$$btod_emul)
    CL$$btod_mult_common                     0x08001c54   Section      580  btod.o(CL$$btod_mult_common)
    i.__ARM_fpclassify                       0x08001e98   Section        0  fpclassify.o(i.__ARM_fpclassify)
    i.__hardfp_exp                           0x08001ec8   Section        0  exp.o(i.__hardfp_exp)
    i.__kernel_poly                          0x08002230   Section        0  poly.o(i.__kernel_poly)
    i.__mathlib_dbl_underflow                0x08002328   Section        0  dunder.o(i.__mathlib_dbl_underflow)
    locale$$code                             0x08002348   Section       44  lc_numeric_c.o(locale$$code)
    x$fpl$basic                              0x08002374   Section       24  basic.o(x$fpl$basic)
    $v0                                      0x08002374   Number         0  basic.o(x$fpl$basic)
    x$fpl$dadd                               0x0800238c   Section      336  daddsub_clz.o(x$fpl$dadd)
    $v0                                      0x0800238c   Number         0  daddsub_clz.o(x$fpl$dadd)
    _dadd1                                   0x0800239d   Thumb Code     0  daddsub_clz.o(x$fpl$dadd)
    x$fpl$dcmpinf                            0x080024dc   Section       24  dcmpi.o(x$fpl$dcmpinf)
    $v0                                      0x080024dc   Number         0  dcmpi.o(x$fpl$dcmpinf)
    x$fpl$ddiv                               0x080024f4   Section      688  ddiv.o(x$fpl$ddiv)
    $v0                                      0x080024f4   Number         0  ddiv.o(x$fpl$ddiv)
    ddiv_entry                               0x080024fb   Thumb Code     0  ddiv.o(x$fpl$ddiv)
    x$fpl$dfix                               0x080027a4   Section       94  dfix.o(x$fpl$dfix)
    $v0                                      0x080027a4   Number         0  dfix.o(x$fpl$dfix)
    x$fpl$dfixu                              0x08002804   Section       90  dfixu.o(x$fpl$dfixu)
    $v0                                      0x08002804   Number         0  dfixu.o(x$fpl$dfixu)
    x$fpl$dflt                               0x0800285e   Section       46  dflt_clz.o(x$fpl$dflt)
    $v0                                      0x0800285e   Number         0  dflt_clz.o(x$fpl$dflt)
    x$fpl$dfltu                              0x0800288c   Section       38  dflt_clz.o(x$fpl$dfltu)
    $v0                                      0x0800288c   Number         0  dflt_clz.o(x$fpl$dfltu)
    x$fpl$dleqf                              0x080028b4   Section      120  dleqf.o(x$fpl$dleqf)
    $v0                                      0x080028b4   Number         0  dleqf.o(x$fpl$dleqf)
    x$fpl$dmul                               0x0800292c   Section      340  dmul.o(x$fpl$dmul)
    $v0                                      0x0800292c   Number         0  dmul.o(x$fpl$dmul)
    x$fpl$dnaninf                            0x08002a80   Section      156  dnaninf.o(x$fpl$dnaninf)
    $v0                                      0x08002a80   Number         0  dnaninf.o(x$fpl$dnaninf)
    x$fpl$dretinf                            0x08002b1c   Section       12  dretinf.o(x$fpl$dretinf)
    $v0                                      0x08002b1c   Number         0  dretinf.o(x$fpl$dretinf)
    x$fpl$drleqf                             0x08002b28   Section      108  drleqf.o(x$fpl$drleqf)
    $v0                                      0x08002b28   Number         0  drleqf.o(x$fpl$drleqf)
    x$fpl$drsb                               0x08002b94   Section       22  daddsub_clz.o(x$fpl$drsb)
    $v0                                      0x08002b94   Number         0  daddsub_clz.o(x$fpl$drsb)
    x$fpl$dsub                               0x08002bac   Section      468  daddsub_clz.o(x$fpl$dsub)
    $v0                                      0x08002bac   Number         0  daddsub_clz.o(x$fpl$dsub)
    _dsub1                                   0x08002bbd   Thumb Code     0  daddsub_clz.o(x$fpl$dsub)
    x$fpl$fpinit                             0x08002d80   Section       10  fpinit.o(x$fpl$fpinit)
    $v0                                      0x08002d80   Number         0  fpinit.o(x$fpl$fpinit)
    x$fpl$printf1                            0x08002d8a   Section        4  printf1.o(x$fpl$printf1)
    $v0                                      0x08002d8a   Number         0  printf1.o(x$fpl$printf1)
    x$fpl$usenofp                            0x08002d8e   Section        0  usenofp.o(x$fpl$usenofp)
    .constdata                               0x08002d90   Section       88  exp.o(.constdata)
    halF                                     0x08002d90   Data          16  exp.o(.constdata)
    ln2HI                                    0x08002da0   Data          16  exp.o(.constdata)
    ln2LO                                    0x08002db0   Data          16  exp.o(.constdata)
    P                                        0x08002dc0   Data          40  exp.o(.constdata)
    .constdata                               0x08002de8   Section      148  bigflt0.o(.constdata)
    tenpwrs_x                                0x08002de8   Data          60  bigflt0.o(.constdata)
    tenpwrs_i                                0x08002e24   Data          64  bigflt0.o(.constdata)
    locale$$data                             0x08002e9c   Section       28  lc_numeric_c.o(locale$$data)
    __lcnum_c_name                           0x08002ea0   Data           2  lc_numeric_c.o(locale$$data)
    __lcnum_c_start                          0x08002ea8   Data           0  lc_numeric_c.o(locale$$data)
    __lcnum_c_point                          0x08002eb4   Data           0  lc_numeric_c.o(locale$$data)
    __lcnum_c_thousands                      0x08002eb6   Data           0  lc_numeric_c.o(locale$$data)
    __lcnum_c_grouping                       0x08002eb7   Data           0  lc_numeric_c.o(locale$$data)
    __lcnum_c_end                            0x08002eb8   Data           0  lc_numeric_c.o(locale$$data)
    .data                                    0x20000000   Section        4  fputc_debug.o(.data)
    .data                                    0x20000004   Section        4  main.o(.data)
    uwTimingDelay                            0x20000004   Data           4  main.o(.data)
    .data                                    0x20000008   Section       20  system_stm32f4xx.o(.data)
    .bss                                     0x2000001c   Section       96  libspace.o(.bss)
    HEAP                                     0x20000080   Section      512  startup_stm32f40xx.o(HEAP)
    Heap_Mem                                 0x20000080   Data         512  startup_stm32f40xx.o(HEAP)
    STACK                                    0x20000280   Section     1024  startup_stm32f40xx.o(STACK)
    Stack_Mem                                0x20000280   Data        1024  startup_stm32f40xx.o(STACK)
    __initial_sp                             0x20000680   Data           0  startup_stm32f40xx.o(STACK)

    Global Symbols

    Symbol Name                              Value     Ov Type        Size  Object(Section)

    BuildAttributes$$THM_ISAv4$E$P$D$K$B$S$7EM$VFPi3$EXTD16$VFPS$VFMA$PE$A:L22UL41UL21$X:L11$S22US41US21$IEEE1$IW$USESV6$~STKCKD$USESV7$~SHL$OTIME$ROPI$IEEEX$EBA8$UX$STANDARDLIB$REQ8$PRES8$EABIv2 0x00000000   Number         0  anon$$obj.o ABSOLUTE
    __ARM_use_no_argv                        0x00000000   Number         0  main.o ABSOLUTE
    __ARM_exceptions_init                     - Undefined Weak Reference
    __alloca_initialize                       - Undefined Weak Reference
    __cpp_initialize__aeabi_                  - Undefined Weak Reference
    __cxa_finalize                            - Undefined Weak Reference
    __sigvec_lookup                           - Undefined Weak Reference
    __user_heap_extent                        - Undefined Weak Reference
    _atexit_init                              - Undefined Weak Reference
    _call_atexit_fns                          - Undefined Weak Reference
    _clock_init                               - Undefined Weak Reference
    _fp_trap_init                             - Undefined Weak Reference
    _fp_trap_shutdown                         - Undefined Weak Reference
    _get_lc_collate                           - Undefined Weak Reference
    _get_lc_ctype                             - Undefined Weak Reference
    _get_lc_monetary                          - Undefined Weak Reference
    _get_lc_time                              - Undefined Weak Reference
    _getenv_init                              - Undefined Weak Reference
    _handle_redirection                       - Undefined Weak Reference
    _initio                                   - Undefined Weak Reference
    _mutex_acquire                            - Undefined Weak Reference
    _mutex_free                               - Undefined Weak Reference
    _mutex_release                            - Undefined Weak Reference
    _printf_mbtowc                            - Undefined Weak Reference
    _printf_post_padding                      - Undefined Weak Reference
    _printf_pre_padding                       - Undefined Weak Reference
    _printf_truncate_signed                   - Undefined Weak Reference
    _printf_truncate_unsigned                 - Undefined Weak Reference
    _rand_init                                - Undefined Weak Reference
    _signal_finish                            - Undefined Weak Reference
    _signal_init                              - Undefined Weak Reference
    _terminateio                              - Undefined Weak Reference
    __Vectors_Size                           0x00000188   Number         0  startup_stm32f40xx.o ABSOLUTE
    __Vectors                                0x08000000   Data           4  startup_stm32f40xx.o(RESET)
    __Vectors_End                            0x08000188   Data           0  startup_stm32f40xx.o(RESET)
    __main                                   0x08000189   Thumb Code     8  __main.o(!!!main)
    __scatterload                            0x08000191   Thumb Code     0  __scatter.o(!!!scatter)
    __scatterload_rt2                        0x08000191   Thumb Code    44  __scatter.o(!!!scatter)
    __scatterload_rt2_thumb_only             0x08000191   Thumb Code     0  __scatter.o(!!!scatter)
    __scatterload_null                       0x0800019f   Thumb Code     0  __scatter.o(!!!scatter)
    __scatterload_copy                       0x080001c5   Thumb Code    26  __scatter_copy.o(!!handler_copy)
    __scatterload_zeroinit                   0x080001e1   Thumb Code    28  __scatter_zi.o(!!handler_zi)
    _printf_f                                0x080001fd   Thumb Code     0  _printf_f.o(.ARM.Collect$$_printf_percent$$00000003)
    _printf_percent                          0x080001fd   Thumb Code     0  _printf_percent.o(.ARM.Collect$$_printf_percent$$00000000)
    _printf_d                                0x08000203   Thumb Code     0  _printf_d.o(.ARM.Collect$$_printf_percent$$00000009)
    _printf_s                                0x08000209   Thumb Code     0  _printf_s.o(.ARM.Collect$$_printf_percent$$00000014)
    _printf_percent_end                      0x0800020f   Thumb Code     0  _printf_percent_end.o(.ARM.Collect$$_printf_percent$$00000017)
    __rt_lib_init                            0x08000213   Thumb Code     0  libinit.o(.ARM.Collect$$libinit$$00000000)
    __rt_lib_init_fp_1                       0x08000215   Thumb Code     0  libinit2.o(.ARM.Collect$$libinit$$00000001)
    __rt_lib_init_heap_2                     0x08000219   Thumb Code     0  libinit2.o(.ARM.Collect$$libinit$$00000003)
    __rt_lib_init_heap_1                     0x08000221   Thumb Code     0  libinit2.o(.ARM.Collect$$libinit$$00000008)
    __rt_lib_init_lc_common                  0x08000221   Thumb Code     0  libinit2.o(.ARM.Collect$$libinit$$0000000D)
    __rt_lib_init_rand_1                     0x08000221   Thumb Code     0  libinit2.o(.ARM.Collect$$libinit$$0000000C)
    __rt_lib_init_user_alloc_1               0x08000221   Thumb Code     0  libinit2.o(.ARM.Collect$$libinit$$0000000A)
    __rt_lib_init_lc_collate_1               0x08000227   Thumb Code     0  libinit2.o(.ARM.Collect$$libinit$$0000000F)
    __rt_lib_init_lc_ctype_1                 0x08000227   Thumb Code     0  libinit2.o(.ARM.Collect$$libinit$$00000011)
    __rt_lib_init_lc_monetary_1              0x08000227   Thumb Code     0  libinit2.o(.ARM.Collect$$libinit$$00000013)
    __rt_lib_init_lc_numeric_2               0x08000227   Thumb Code     0  libinit2.o(.ARM.Collect$$libinit$$00000014)
    __rt_lib_init_alloca_1                   0x08000231   Thumb Code     0  libinit2.o(.ARM.Collect$$libinit$$0000002C)
    __rt_lib_init_argv_1                     0x08000231   Thumb Code     0  libinit2.o(.ARM.Collect$$libinit$$0000002A)
    __rt_lib_init_atexit_1                   0x08000231   Thumb Code     0  libinit2.o(.ARM.Collect$$libinit$$00000019)
    __rt_lib_init_clock_1                    0x08000231   Thumb Code     0  libinit2.o(.ARM.Collect$$libinit$$0000001F)
    __rt_lib_init_cpp_1                      0x08000231   Thumb Code     0  libinit2.o(.ARM.Collect$$libinit$$00000030)
    __rt_lib_init_exceptions_1               0x08000231   Thumb Code     0  libinit2.o(.ARM.Collect$$libinit$$0000002E)
    __rt_lib_init_fp_trap_1                  0x08000231   Thumb Code     0  libinit2.o(.ARM.Collect$$libinit$$0000001D)
    __rt_lib_init_getenv_1                   0x08000231   Thumb Code     0  libinit2.o(.ARM.Collect$$libinit$$00000021)
    __rt_lib_init_lc_numeric_1               0x08000231   Thumb Code     0  libinit2.o(.ARM.Collect$$libinit$$00000015)
    __rt_lib_init_lc_time_1                  0x08000231   Thumb Code     0  libinit2.o(.ARM.Collect$$libinit$$00000017)
    __rt_lib_init_return                     0x08000231   Thumb Code     0  libinit2.o(.ARM.Collect$$libinit$$00000031)
    __rt_lib_init_signal_1                   0x08000231   Thumb Code     0  libinit2.o(.ARM.Collect$$libinit$$0000001B)
    __rt_lib_init_stdio_1                    0x08000231   Thumb Code     0  libinit2.o(.ARM.Collect$$libinit$$00000023)
    __rt_lib_shutdown                        0x08000233   Thumb Code     0  libshutdown.o(.ARM.Collect$$libshutdown$$00000000)
    __rt_lib_shutdown_fp_trap_1              0x08000235   Thumb Code     0  libshutdown2.o(.ARM.Collect$$libshutdown$$00000006)
    __rt_lib_shutdown_heap_1                 0x08000235   Thumb Code     0  libshutdown2.o(.ARM.Collect$$libshutdown$$0000000E)
    __rt_lib_shutdown_return                 0x08000235   Thumb Code     0  libshutdown2.o(.ARM.Collect$$libshutdown$$0000000F)
    __rt_lib_shutdown_signal_1               0x08000235   Thumb Code     0  libshutdown2.o(.ARM.Collect$$libshutdown$$00000009)
    __rt_lib_shutdown_stdio_1                0x08000235   Thumb Code     0  libshutdown2.o(.ARM.Collect$$libshutdown$$00000003)
    __rt_lib_shutdown_user_alloc_1           0x08000235   Thumb Code     0  libshutdown2.o(.ARM.Collect$$libshutdown$$0000000B)
    __rt_entry                               0x08000237   Thumb Code     0  rtentry.o(.ARM.Collect$$rtentry$$00000000)
    __rt_entry_presh_1                       0x08000237   Thumb Code     0  rtentry2.o(.ARM.Collect$$rtentry$$00000002)
    __rt_entry_sh                            0x08000237   Thumb Code     0  rtentry4.o(.ARM.Collect$$rtentry$$00000004)
    __rt_entry_li                            0x0800023d   Thumb Code     0  rtentry2.o(.ARM.Collect$$rtentry$$0000000A)
    __rt_entry_postsh_1                      0x0800023d   Thumb Code     0  rtentry2.o(.ARM.Collect$$rtentry$$00000009)
    __rt_entry_main                          0x08000241   Thumb Code     0  rtentry2.o(.ARM.Collect$$rtentry$$0000000D)
    __rt_entry_postli_1                      0x08000241   Thumb Code     0  rtentry2.o(.ARM.Collect$$rtentry$$0000000C)
    __rt_exit                                0x08000249   Thumb Code     0  rtexit.o(.ARM.Collect$$rtexit$$00000000)
    __rt_exit_ls                             0x0800024b   Thumb Code     0  rtexit2.o(.ARM.Collect$$rtexit$$00000003)
    __rt_exit_prels_1                        0x0800024b   Thumb Code     0  rtexit2.o(.ARM.Collect$$rtexit$$00000002)
    __rt_exit_exit                           0x0800024f   Thumb Code     0  rtexit2.o(.ARM.Collect$$rtexit$$00000004)
    _maybe_terminate_alloc                   0x08000255   Thumb Code     0  maybetermalloc1.o(.emb_text)
    fputc                                    0x08000255   Thumb Code     4  fputc_debug.o(.text)
    _ttywrch                                 0x08000259   Thumb Code     4  fputc_debug.o(.text)
    _sys_exit                                0x0800025d   Thumb Code     2  fputc_debug.o(.text)
    Delay                                    0x08000285   Thumb Code    16  main.o(.text)
    TimingDelay_Decrement                    0x08000295   Thumb Code    16  main.o(.text)
    main                                     0x080002a5   Thumb Code    46  main.o(.text)
    BYTE2double                              0x080002f1   Thumb Code   114  imageutil.o(.text)
    double2BYTE                              0x08000363   Thumb Code    98  imageutil.o(.text)
    gaussKernel                              0x080003c5   Thumb Code   268  imageutil.o(.text)
    print_kernel                             0x080004d1   Thumb Code    60  imageutil.o(.text)
    gaussian_blur                            0x0800050d   Thumb Code   256  imageutil.o(.text)
    load_raw                                 0x0800070d   Thumb Code    86  rawutil.o(.text)
    write_raw                                0x08000763   Thumb Code    84  rawutil.o(.text)
    Reset_Handler                            0x08000829   Thumb Code     8  startup_stm32f40xx.o(.text)
    ADC_IRQHandler                           0x08000843   Thumb Code     0  startup_stm32f40xx.o(.text)
    CAN1_RX0_IRQHandler                      0x08000843   Thumb Code     0  startup_stm32f40xx.o(.text)
    CAN1_RX1_IRQHandler                      0x08000843   Thumb Code     0  startup_stm32f40xx.o(.text)
    CAN1_SCE_IRQHandler                      0x08000843   Thumb Code     0  startup_stm32f40xx.o(.text)
    CAN1_TX_IRQHandler                       0x08000843   Thumb Code     0  startup_stm32f40xx.o(.text)
    CAN2_RX0_IRQHandler                      0x08000843   Thumb Code     0  startup_stm32f40xx.o(.text)
    CAN2_RX1_IRQHandler                      0x08000843   Thumb Code     0  startup_stm32f40xx.o(.text)
    CAN2_SCE_IRQHandler                      0x08000843   Thumb Code     0  startup_stm32f40xx.o(.text)
    CAN2_TX_IRQHandler                       0x08000843   Thumb Code     0  startup_stm32f40xx.o(.text)
    CRYP_IRQHandler                          0x08000843   Thumb Code     0  startup_stm32f40xx.o(.text)
    DCMI_IRQHandler                          0x08000843   Thumb Code     0  startup_stm32f40xx.o(.text)
    DMA1_Stream0_IRQHandler                  0x08000843   Thumb Code     0  startup_stm32f40xx.o(.text)
    DMA1_Stream1_IRQHandler                  0x08000843   Thumb Code     0  startup_stm32f40xx.o(.text)
    DMA1_Stream2_IRQHandler                  0x08000843   Thumb Code     0  startup_stm32f40xx.o(.text)
    DMA1_Stream3_IRQHandler                  0x08000843   Thumb Code     0  startup_stm32f40xx.o(.text)
    DMA1_Stream4_IRQHandler                  0x08000843   Thumb Code     0  startup_stm32f40xx.o(.text)
    DMA1_Stream5_IRQHandler                  0x08000843   Thumb Code     0  startup_stm32f40xx.o(.text)
    DMA1_Stream6_IRQHandler                  0x08000843   Thumb Code     0  startup_stm32f40xx.o(.text)
    DMA1_Stream7_IRQHandler                  0x08000843   Thumb Code     0  startup_stm32f40xx.o(.text)
    DMA2_Stream0_IRQHandler                  0x08000843   Thumb Code     0  startup_stm32f40xx.o(.text)
    DMA2_Stream1_IRQHandler                  0x08000843   Thumb Code     0  startup_stm32f40xx.o(.text)
    DMA2_Stream2_IRQHandler                  0x08000843   Thumb Code     0  startup_stm32f40xx.o(.text)
    DMA2_Stream3_IRQHandler                  0x08000843   Thumb Code     0  startup_stm32f40xx.o(.text)
    DMA2_Stream4_IRQHandler                  0x08000843   Thumb Code     0  startup_stm32f40xx.o(.text)
    DMA2_Stream5_IRQHandler                  0x08000843   Thumb Code     0  startup_stm32f40xx.o(.text)
    DMA2_Stream6_IRQHandler                  0x08000843   Thumb Code     0  startup_stm32f40xx.o(.text)
    DMA2_Stream7_IRQHandler                  0x08000843   Thumb Code     0  startup_stm32f40xx.o(.text)
    ETH_IRQHandler                           0x08000843   Thumb Code     0  startup_stm32f40xx.o(.text)
    ETH_WKUP_IRQHandler                      0x08000843   Thumb Code     0  startup_stm32f40xx.o(.text)
    EXTI0_IRQHandler                         0x08000843   Thumb Code     0  startup_stm32f40xx.o(.text)
    EXTI15_10_IRQHandler                     0x08000843   Thumb Code     0  startup_stm32f40xx.o(.text)
    EXTI1_IRQHandler                         0x08000843   Thumb Code     0  startup_stm32f40xx.o(.text)
    EXTI2_IRQHandler                         0x08000843   Thumb Code     0  startup_stm32f40xx.o(.text)
    EXTI3_IRQHandler                         0x08000843   Thumb Code     0  startup_stm32f40xx.o(.text)
    EXTI4_IRQHandler                         0x08000843   Thumb Code     0  startup_stm32f40xx.o(.text)
    EXTI9_5_IRQHandler                       0x08000843   Thumb Code     0  startup_stm32f40xx.o(.text)
    FLASH_IRQHandler                         0x08000843   Thumb Code     0  startup_stm32f40xx.o(.text)
    FPU_IRQHandler                           0x08000843   Thumb Code     0  startup_stm32f40xx.o(.text)
    FSMC_IRQHandler                          0x08000843   Thumb Code     0  startup_stm32f40xx.o(.text)
    HASH_RNG_IRQHandler                      0x08000843   Thumb Code     0  startup_stm32f40xx.o(.text)
    I2C1_ER_IRQHandler                       0x08000843   Thumb Code     0  startup_stm32f40xx.o(.text)
    I2C1_EV_IRQHandler                       0x08000843   Thumb Code     0  startup_stm32f40xx.o(.text)
    I2C2_ER_IRQHandler                       0x08000843   Thumb Code     0  startup_stm32f40xx.o(.text)
    I2C2_EV_IRQHandler                       0x08000843   Thumb Code     0  startup_stm32f40xx.o(.text)
    I2C3_ER_IRQHandler                       0x08000843   Thumb Code     0  startup_stm32f40xx.o(.text)
    I2C3_EV_IRQHandler                       0x08000843   Thumb Code     0  startup_stm32f40xx.o(.text)
    OTG_FS_IRQHandler                        0x08000843   Thumb Code     0  startup_stm32f40xx.o(.text)
    OTG_FS_WKUP_IRQHandler                   0x08000843   Thumb Code     0  startup_stm32f40xx.o(.text)
    OTG_HS_EP1_IN_IRQHandler                 0x08000843   Thumb Code     0  startup_stm32f40xx.o(.text)
    OTG_HS_EP1_OUT_IRQHandler                0x08000843   Thumb Code     0  startup_stm32f40xx.o(.text)
    OTG_HS_IRQHandler                        0x08000843   Thumb Code     0  startup_stm32f40xx.o(.text)
    OTG_HS_WKUP_IRQHandler                   0x08000843   Thumb Code     0  startup_stm32f40xx.o(.text)
    PVD_IRQHandler                           0x08000843   Thumb Code     0  startup_stm32f40xx.o(.text)
    RCC_IRQHandler                           0x08000843   Thumb Code     0  startup_stm32f40xx.o(.text)
    RTC_Alarm_IRQHandler                     0x08000843   Thumb Code     0  startup_stm32f40xx.o(.text)
    RTC_WKUP_IRQHandler                      0x08000843   Thumb Code     0  startup_stm32f40xx.o(.text)
    SDIO_IRQHandler                          0x08000843   Thumb Code     0  startup_stm32f40xx.o(.text)
    SPI1_IRQHandler                          0x08000843   Thumb Code     0  startup_stm32f40xx.o(.text)
    SPI2_IRQHandler                          0x08000843   Thumb Code     0  startup_stm32f40xx.o(.text)
    SPI3_IRQHandler                          0x08000843   Thumb Code     0  startup_stm32f40xx.o(.text)
    TAMP_STAMP_IRQHandler                    0x08000843   Thumb Code     0  startup_stm32f40xx.o(.text)
    TIM1_BRK_TIM9_IRQHandler                 0x08000843   Thumb Code     0  startup_stm32f40xx.o(.text)
    TIM1_CC_IRQHandler                       0x08000843   Thumb Code     0  startup_stm32f40xx.o(.text)
    TIM1_TRG_COM_TIM11_IRQHandler            0x08000843   Thumb Code     0  startup_stm32f40xx.o(.text)
    TIM1_UP_TIM10_IRQHandler                 0x08000843   Thumb Code     0  startup_stm32f40xx.o(.text)
    TIM2_IRQHandler                          0x08000843   Thumb Code     0  startup_stm32f40xx.o(.text)
    TIM3_IRQHandler                          0x08000843   Thumb Code     0  startup_stm32f40xx.o(.text)
    TIM4_IRQHandler                          0x08000843   Thumb Code     0  startup_stm32f40xx.o(.text)
    TIM5_IRQHandler                          0x08000843   Thumb Code     0  startup_stm32f40xx.o(.text)
    TIM6_DAC_IRQHandler                      0x08000843   Thumb Code     0  startup_stm32f40xx.o(.text)
    TIM7_IRQHandler                          0x08000843   Thumb Code     0  startup_stm32f40xx.o(.text)
    TIM8_BRK_TIM12_IRQHandler                0x08000843   Thumb Code     0  startup_stm32f40xx.o(.text)
    TIM8_CC_IRQHandler                       0x08000843   Thumb Code     0  startup_stm32f40xx.o(.text)
    TIM8_TRG_COM_TIM14_IRQHandler            0x08000843   Thumb Code     0  startup_stm32f40xx.o(.text)
    TIM8_UP_TIM13_IRQHandler                 0x08000843   Thumb Code     0  startup_stm32f40xx.o(.text)
    UART4_IRQHandler                         0x08000843   Thumb Code     0  startup_stm32f40xx.o(.text)
    UART5_IRQHandler                         0x08000843   Thumb Code     0  startup_stm32f40xx.o(.text)
    USART1_IRQHandler                        0x08000843   Thumb Code     0  startup_stm32f40xx.o(.text)
    USART2_IRQHandler                        0x08000843   Thumb Code     0  startup_stm32f40xx.o(.text)
    USART3_IRQHandler                        0x08000843   Thumb Code     0  startup_stm32f40xx.o(.text)
    USART6_IRQHandler                        0x08000843   Thumb Code     0  startup_stm32f40xx.o(.text)
    WWDG_IRQHandler                          0x08000843   Thumb Code     0  startup_stm32f40xx.o(.text)
    __user_initial_stackheap                 0x08000845   Thumb Code     0  startup_stm32f40xx.o(.text)
    NMI_Handler                              0x08000869   Thumb Code     2  stm32f4xx_it.o(.text)
    HardFault_Handler                        0x0800086b   Thumb Code     2  stm32f4xx_it.o(.text)
    MemManage_Handler                        0x0800086d   Thumb Code     2  stm32f4xx_it.o(.text)
    BusFault_Handler                         0x0800086f   Thumb Code     2  stm32f4xx_it.o(.text)
    UsageFault_Handler                       0x08000871   Thumb Code     2  stm32f4xx_it.o(.text)
    SVC_Handler                              0x08000873   Thumb Code     2  stm32f4xx_it.o(.text)
    DebugMon_Handler                         0x08000875   Thumb Code     2  stm32f4xx_it.o(.text)
    PendSV_Handler                           0x08000877   Thumb Code     2  stm32f4xx_it.o(.text)
    SysTick_Handler                          0x08000879   Thumb Code     4  stm32f4xx_it.o(.text)
    SystemInit                               0x0800091f   Thumb Code    74  system_stm32f4xx.o(.text)
    SystemCoreClockUpdate                    0x08000969   Thumb Code   108  system_stm32f4xx.o(.text)
    _sys_open                                0x080009f9   Thumb Code    20  sys_io.o(.text)
    _sys_close                               0x08000a0d   Thumb Code    12  sys_io.o(.text)
    _sys_write                               0x08000a19   Thumb Code    16  sys_io.o(.text)
    _sys_read                                0x08000a29   Thumb Code    14  sys_io.o(.text)
    _sys_istty                               0x08000a37   Thumb Code    12  sys_io.o(.text)
    _sys_seek                                0x08000a43   Thumb Code    14  sys_io.o(.text)
    _sys_ensure                              0x08000a51   Thumb Code     2  sys_io.o(.text)
    _sys_flen                                0x08000a53   Thumb Code    12  sys_io.o(.text)
    calloc                                   0x08000a5f   Thumb Code    40  calloc.o(.text)
    malloc                                   0x08000a87   Thumb Code    94  h1_alloc.o(.text)
    free                                     0x08000ae5   Thumb Code    78  h1_free.o(.text)
    __2printf                                0x08000b35   Thumb Code    20  noretval__2printf.o(.text)
    __printf                                 0x08000b4d   Thumb Code   104  __printf.o(.text)
    _printf_str                              0x08000bb5   Thumb Code    82  _printf_str.o(.text)
    _printf_int_dec                          0x08000c09   Thumb Code   102  _printf_dec.o(.text)
    exit                                     0x08000c81   Thumb Code    12  exit.o(.text)
    __use_two_region_memory                  0x08000c8d   Thumb Code     2  heapauxi.o(.text)
    __rt_heap_escrow                         0x08000c8f   Thumb Code     2  heapauxi.o(.text)
    __rt_heap_expand                         0x08000c91   Thumb Code     2  heapauxi.o(.text)
    __I$use$semihosting                      0x08000c93   Thumb Code     0  use_no_semi.o(.text)
    __use_no_semihosting_swi                 0x08000c93   Thumb Code     2  use_no_semi.o(.text)
    __rt_heap_descriptor                     0x08000c95   Thumb Code     8  rt_heap_descriptor_intlibspace.o(.text)
    __semihosting_library_function           0x08000c95   Thumb Code     0  indicate_semi.o(.text)
    __use_no_heap                            0x08000c9d   Thumb Code     2  hguard.o(.text)
    __heap$guard                             0x08000c9f   Thumb Code     2  hguard.o(.text)
    _terminate_user_alloc                    0x08000ca1   Thumb Code     2  init_alloc.o(.text)
    _init_user_alloc                         0x08000ca3   Thumb Code     2  init_alloc.o(.text)
    __Heap_Full                              0x08000ca5   Thumb Code    34  init_alloc.o(.text)
    __Heap_Broken                            0x08000cc7   Thumb Code     6  init_alloc.o(.text)
    _init_alloc                              0x08000ccd   Thumb Code    94  init_alloc.o(.text)
    __Heap_Initialize                        0x08000d2b   Thumb Code    10  h1_init.o(.text)
    __Heap_DescSize                          0x08000d35   Thumb Code     4  h1_init.o(.text)
    __read_errno                             0x08000d39   Thumb Code    10  _rserrno.o(.text)
    __set_errno                              0x08000d43   Thumb Code    12  _rserrno.o(.text)
    _printf_int_common                       0x08000d4f   Thumb Code   184  _printf_intcommon.o(.text)
    __lib_sel_fp_printf                      0x08000e07   Thumb Code     2  _printf_fp_dec.o(.text)
    _printf_fp_dec_real                      0x08000fb3   Thumb Code   628  _printf_fp_dec.o(.text)
    _printf_cs_common                        0x08001227   Thumb Code    20  _printf_char.o(.text)
    _printf_char                             0x0800123b   Thumb Code    16  _printf_char.o(.text)
    _printf_string                           0x0800124b   Thumb Code     8  _printf_char.o(.text)
    _printf_char_file                        0x08001255   Thumb Code    32  _printf_char_file.o(.text)
    strlen                                   0x08001279   Thumb Code    62  strlen.o(.text)
    __aeabi_memclr                           0x080012b7   Thumb Code     0  rt_memclr.o(.text)
    __rt_memclr                              0x080012b7   Thumb Code    68  rt_memclr.o(.text)
    _memset                                  0x080012bb   Thumb Code     0  rt_memclr.o(.text)
    __user_libspace                          0x080012fd   Thumb Code     8  libspace.o(.text)
    __user_perproc_libspace                  0x080012fd   Thumb Code     0  libspace.o(.text)
    __user_perthread_libspace                0x080012fd   Thumb Code     0  libspace.o(.text)
    __rt_locale                              0x08001305   Thumb Code     8  rt_locale_intlibspace.o(.text)
    __aeabi_errno_addr                       0x0800130d   Thumb Code     8  rt_errno_addr_intlibspace.o(.text)
    __errno$intlibspace                      0x0800130d   Thumb Code     0  rt_errno_addr_intlibspace.o(.text)
    __rt_errno_addr$intlibspace              0x0800130d   Thumb Code     0  rt_errno_addr_intlibspace.o(.text)
    __Heap_ProvideMemory                     0x08001315   Thumb Code    52  h1_extend.o(.text)
    _ll_udiv10                               0x08001349   Thumb Code   138  lludiv10.o(.text)
    _printf_char_common                      0x080013df   Thumb Code    32  _printf_char_common.o(.text)
    _printf_fp_infnan                        0x08001405   Thumb Code   112  _printf_fp_infnan.o(.text)
    _btod_etento                             0x08001485   Thumb Code   222  bigflt0.o(.text)
    ferror                                   0x08001569   Thumb Code     8  ferror.o(.text)
    __rt_SIGRTMEM                            0x08001571   Thumb Code    14  defsig_rtmem_outer.o(.text)
    __aeabi_memclr4                          0x0800157f   Thumb Code     0  rt_memclr_w.o(.text)
    __aeabi_memclr8                          0x0800157f   Thumb Code     0  rt_memclr_w.o(.text)
    __rt_memclr_w                            0x0800157f   Thumb Code    78  rt_memclr_w.o(.text)
    _memset_w                                0x08001583   Thumb Code     0  rt_memclr_w.o(.text)
    __user_setup_stackheap                   0x080015cd   Thumb Code    74  sys_stackheap_outer.o(.text)
    __sig_exit                               0x08001617   Thumb Code    10  defsig_exit.o(.text)
    __rt_SIGRTMEM_inner                      0x08001621   Thumb Code    22  defsig_rtmem_inner.o(.text)
    strcmp                                   0x08001671   Thumb Code   128  strcmpv7m.o(.text)
    __default_signal_display                 0x080016f1   Thumb Code    50  defsig_general.o(.text)
    _btod_d2e                                0x08001723   Thumb Code    62  btod.o(CL$$btod_d2e)
    _d2e_denorm_low                          0x08001761   Thumb Code    70  btod.o(CL$$btod_d2e_denorm_low)
    _d2e_norm_op1                            0x080017a7   Thumb Code    96  btod.o(CL$$btod_d2e_norm_op1)
    __btod_div_common                        0x08001807   Thumb Code   696  btod.o(CL$$btod_div_common)
    _e2e                                     0x08001b3f   Thumb Code   198  btod.o(CL$$btod_e2e)
    _btod_ediv                               0x08001c05   Thumb Code    40  btod.o(CL$$btod_ediv)
    _btod_emul                               0x08001c2d   Thumb Code    40  btod.o(CL$$btod_emul)
    __btod_mult_common                       0x08001c55   Thumb Code   580  btod.o(CL$$btod_mult_common)
    __ARM_fpclassify                         0x08001e99   Thumb Code    48  fpclassify.o(i.__ARM_fpclassify)
    __hardfp_exp                             0x08001ec9   Thumb Code   726  exp.o(i.__hardfp_exp)
    __kernel_poly                            0x08002231   Thumb Code   248  poly.o(i.__kernel_poly)
    __mathlib_dbl_underflow                  0x08002329   Thumb Code    24  dunder.o(i.__mathlib_dbl_underflow)
    _get_lc_numeric                          0x08002349   Thumb Code    44  lc_numeric_c.o(locale$$code)
    __aeabi_dneg                             0x08002375   Thumb Code     0  basic.o(x$fpl$basic)
    _dneg                                    0x08002375   Thumb Code     6  basic.o(x$fpl$basic)
    __aeabi_fneg                             0x0800237b   Thumb Code     0  basic.o(x$fpl$basic)
    _fneg                                    0x0800237b   Thumb Code     6  basic.o(x$fpl$basic)
    _dabs                                    0x08002381   Thumb Code     6  basic.o(x$fpl$basic)
    _fabs                                    0x08002387   Thumb Code     6  basic.o(x$fpl$basic)
    __aeabi_dadd                             0x0800238d   Thumb Code     0  daddsub_clz.o(x$fpl$dadd)
    _dadd                                    0x0800238d   Thumb Code   332  daddsub_clz.o(x$fpl$dadd)
    __fpl_dcmp_Inf                           0x080024dd   Thumb Code    24  dcmpi.o(x$fpl$dcmpinf)
    __aeabi_ddiv                             0x080024f5   Thumb Code     0  ddiv.o(x$fpl$ddiv)
    _ddiv                                    0x080024f5   Thumb Code   552  ddiv.o(x$fpl$ddiv)
    __aeabi_d2iz                             0x080027a5   Thumb Code     0  dfix.o(x$fpl$dfix)
    _dfix                                    0x080027a5   Thumb Code    94  dfix.o(x$fpl$dfix)
    __aeabi_d2uiz                            0x08002805   Thumb Code     0  dfixu.o(x$fpl$dfixu)
    _dfixu                                   0x08002805   Thumb Code    90  dfixu.o(x$fpl$dfixu)
    __aeabi_i2d                              0x0800285f   Thumb Code     0  dflt_clz.o(x$fpl$dflt)
    _dflt                                    0x0800285f   Thumb Code    46  dflt_clz.o(x$fpl$dflt)
    __aeabi_ui2d                             0x0800288d   Thumb Code     0  dflt_clz.o(x$fpl$dfltu)
    _dfltu                                   0x0800288d   Thumb Code    38  dflt_clz.o(x$fpl$dfltu)
    __aeabi_cdcmple                          0x080028b5   Thumb Code     0  dleqf.o(x$fpl$dleqf)
    _dcmple                                  0x080028b5   Thumb Code   120  dleqf.o(x$fpl$dleqf)
    __fpl_dcmple_InfNaN                      0x08002917   Thumb Code     0  dleqf.o(x$fpl$dleqf)
    __aeabi_dmul                             0x0800292d   Thumb Code     0  dmul.o(x$fpl$dmul)
    _dmul                                    0x0800292d   Thumb Code   332  dmul.o(x$fpl$dmul)
    __fpl_dnaninf                            0x08002a81   Thumb Code   156  dnaninf.o(x$fpl$dnaninf)
    __fpl_dretinf                            0x08002b1d   Thumb Code    12  dretinf.o(x$fpl$dretinf)
    __aeabi_cdrcmple                         0x08002b29   Thumb Code     0  drleqf.o(x$fpl$drleqf)
    _drcmple                                 0x08002b29   Thumb Code   108  drleqf.o(x$fpl$drleqf)
    __aeabi_drsub                            0x08002b95   Thumb Code     0  daddsub_clz.o(x$fpl$drsb)
    _drsb                                    0x08002b95   Thumb Code    22  daddsub_clz.o(x$fpl$drsb)
    __aeabi_dsub                             0x08002bad   Thumb Code     0  daddsub_clz.o(x$fpl$dsub)
    _dsub                                    0x08002bad   Thumb Code   464  daddsub_clz.o(x$fpl$dsub)
    _fp_init                                 0x08002d81   Thumb Code    10  fpinit.o(x$fpl$fpinit)
    __fplib_config_fpu_vfp                   0x08002d89   Thumb Code     0  fpinit.o(x$fpl$fpinit)
    __fplib_config_pureend_doubles           0x08002d89   Thumb Code     0  fpinit.o(x$fpl$fpinit)
    _printf_fp_dec                           0x08002d8b   Thumb Code     4  printf1.o(x$fpl$printf1)
    __I$use$fp                               0x08002d8e   Number         0  usenofp.o(x$fpl$usenofp)
    Region$$Table$$Base                      0x08002e7c   Number         0  anon$$obj.o(Region$$Table)
    Region$$Table$$Limit                     0x08002e9c   Number         0  anon$$obj.o(Region$$Table)
    __stdout                                 0x20000000   Data           4  fputc_debug.o(.data)
    SystemCoreClock                          0x20000008   Data           4  system_stm32f4xx.o(.data)
    AHBPrescTable                            0x2000000c   Data          16  system_stm32f4xx.o(.data)
    __libspace_start                         0x2000001c   Data          96  libspace.o(.bss)
    __temporary_stack_top$libspace           0x2000007c   Data           0  libspace.o(.bss)



==============================================================================

Memory Map of the image

  Image Entry point : 0x08000189

  Load Region LR_IROM1 (Base: 0x08000000, Size: 0x00002ed4, Max: 0x00100000, ABSOLUTE)

    Execution Region ER_IROM1 (Base: 0x08000000, Size: 0x00002eb8, Max: 0x00100000, ABSOLUTE)

    Base Addr    Size         Type   Attr      Idx    E Section Name        Object

    0x08000000   0x00000188   Data   RO          245    RESET               startup_stm32f40xx.o
    0x08000188   0x00000008   Code   RO         1087  * !!!main             c_w.l(__main.o)
    0x08000190   0x00000034   Code   RO         1414    !!!scatter          c_w.l(__scatter.o)
    0x080001c4   0x0000001a   Code   RO         1416    !!handler_copy      c_w.l(__scatter_copy.o)
    0x080001de   0x00000002   PAD
    0x080001e0   0x0000001c   Code   RO         1418    !!handler_zi        c_w.l(__scatter_zi.o)
    0x080001fc   0x00000000   Code   RO         1082    .ARM.Collect$$_printf_percent$$00000000  c_w.l(_printf_percent.o)
    0x080001fc   0x00000006   Code   RO         1081    .ARM.Collect$$_printf_percent$$00000003  c_w.l(_printf_f.o)
    0x08000202   0x00000006   Code   RO         1080    .ARM.Collect$$_printf_percent$$00000009  c_w.l(_printf_d.o)
    0x08000208   0x00000006   Code   RO         1079    .ARM.Collect$$_printf_percent$$00000014  c_w.l(_printf_s.o)
    0x0800020e   0x00000004   Code   RO         1172    .ARM.Collect$$_printf_percent$$00000017  c_w.l(_printf_percent_end.o)
    0x08000212   0x00000002   Code   RO         1369    .ARM.Collect$$libinit$$00000000  c_w.l(libinit.o)
    0x08000214   0x00000004   Code   RO         1181    .ARM.Collect$$libinit$$00000001  c_w.l(libinit2.o)
    0x08000218   0x00000008   Code   RO         1183    .ARM.Collect$$libinit$$00000003  c_w.l(libinit2.o)
    0x08000220   0x00000000   Code   RO         1185    .ARM.Collect$$libinit$$00000008  c_w.l(libinit2.o)
    0x08000220   0x00000000   Code   RO         1187    .ARM.Collect$$libinit$$0000000A  c_w.l(libinit2.o)
    0x08000220   0x00000000   Code   RO         1189    .ARM.Collect$$libinit$$0000000C  c_w.l(libinit2.o)
    0x08000220   0x00000006   Code   RO         1190    .ARM.Collect$$libinit$$0000000D  c_w.l(libinit2.o)
    0x08000226   0x00000000   Code   RO         1192    .ARM.Collect$$libinit$$0000000F  c_w.l(libinit2.o)
    0x08000226   0x00000000   Code   RO         1194    .ARM.Collect$$libinit$$00000011  c_w.l(libinit2.o)
    0x08000226   0x00000000   Code   RO         1196    .ARM.Collect$$libinit$$00000013  c_w.l(libinit2.o)
    0x08000226   0x0000000a   Code   RO         1197    .ARM.Collect$$libinit$$00000014  c_w.l(libinit2.o)
    0x08000230   0x00000000   Code   RO         1198    .ARM.Collect$$libinit$$00000015  c_w.l(libinit2.o)
    0x08000230   0x00000000   Code   RO         1200    .ARM.Collect$$libinit$$00000017  c_w.l(libinit2.o)
    0x08000230   0x00000000   Code   RO         1202    .ARM.Collect$$libinit$$00000019  c_w.l(libinit2.o)
    0x08000230   0x00000000   Code   RO         1204    .ARM.Collect$$libinit$$0000001B  c_w.l(libinit2.o)
    0x08000230   0x00000000   Code   RO         1206    .ARM.Collect$$libinit$$0000001D  c_w.l(libinit2.o)
    0x08000230   0x00000000   Code   RO         1208    .ARM.Collect$$libinit$$0000001F  c_w.l(libinit2.o)
    0x08000230   0x00000000   Code   RO         1210    .ARM.Collect$$libinit$$00000021  c_w.l(libinit2.o)
    0x08000230   0x00000000   Code   RO         1212    .ARM.Collect$$libinit$$00000023  c_w.l(libinit2.o)
    0x08000230   0x00000000   Code   RO         1216    .ARM.Collect$$libinit$$0000002A  c_w.l(libinit2.o)
    0x08000230   0x00000000   Code   RO         1218    .ARM.Collect$$libinit$$0000002C  c_w.l(libinit2.o)
    0x08000230   0x00000000   Code   RO         1220    .ARM.Collect$$libinit$$0000002E  c_w.l(libinit2.o)
    0x08000230   0x00000000   Code   RO         1222    .ARM.Collect$$libinit$$00000030  c_w.l(libinit2.o)
    0x08000230   0x00000002   Code   RO         1223    .ARM.Collect$$libinit$$00000031  c_w.l(libinit2.o)
    0x08000232   0x00000002   Code   RO         1370    .ARM.Collect$$libshutdown$$00000000  c_w.l(libshutdown.o)
    0x08000234   0x00000000   Code   RO         1381    .ARM.Collect$$libshutdown$$00000003  c_w.l(libshutdown2.o)
    0x08000234   0x00000000   Code   RO         1384    .ARM.Collect$$libshutdown$$00000006  c_w.l(libshutdown2.o)
    0x08000234   0x00000000   Code   RO         1387    .ARM.Collect$$libshutdown$$00000009  c_w.l(libshutdown2.o)
    0x08000234   0x00000000   Code   RO         1389    .ARM.Collect$$libshutdown$$0000000B  c_w.l(libshutdown2.o)
    0x08000234   0x00000000   Code   RO         1392    .ARM.Collect$$libshutdown$$0000000E  c_w.l(libshutdown2.o)
    0x08000234   0x00000002   Code   RO         1393    .ARM.Collect$$libshutdown$$0000000F  c_w.l(libshutdown2.o)
    0x08000236   0x00000000   Code   RO         1134    .ARM.Collect$$rtentry$$00000000  c_w.l(rtentry.o)
    0x08000236   0x00000000   Code   RO         1250    .ARM.Collect$$rtentry$$00000002  c_w.l(rtentry2.o)
    0x08000236   0x00000006   Code   RO         1262    .ARM.Collect$$rtentry$$00000004  c_w.l(rtentry4.o)
    0x0800023c   0x00000000   Code   RO         1252    .ARM.Collect$$rtentry$$00000009  c_w.l(rtentry2.o)
    0x0800023c   0x00000004   Code   RO         1253    .ARM.Collect$$rtentry$$0000000A  c_w.l(rtentry2.o)
    0x08000240   0x00000000   Code   RO         1255    .ARM.Collect$$rtentry$$0000000C  c_w.l(rtentry2.o)
    0x08000240   0x00000008   Code   RO         1256    .ARM.Collect$$rtentry$$0000000D  c_w.l(rtentry2.o)
    0x08000248   0x00000002   Code   RO         1135    .ARM.Collect$$rtexit$$00000000  c_w.l(rtexit.o)
    0x0800024a   0x00000000   Code   RO         1265    .ARM.Collect$$rtexit$$00000002  c_w.l(rtexit2.o)
    0x0800024a   0x00000004   Code   RO         1266    .ARM.Collect$$rtexit$$00000003  c_w.l(rtexit2.o)
    0x0800024e   0x00000006   Code   RO         1267    .ARM.Collect$$rtexit$$00000004  c_w.l(rtexit2.o)
    0x08000254   0x00000000   Code   RO         1283    .emb_text           c_w.l(maybetermalloc1.o)
    0x08000254   0x00000030   Code   RO            3    .text               fputc_debug.o
    0x08000284   0x0000006c   Code   RO          141    .text               main.o
    0x080002f0   0x0000041c   Code   RO          179    .text               imageutil.o
    0x0800070c   0x0000011c   Code   RO          217    .text               rawutil.o
    0x08000828   0x00000040   Code   RO          246    .text               startup_stm32f40xx.o
    0x08000868   0x00000014   Code   RO          905    .text               stm32f4xx_it.o
    0x0800087c   0x0000017c   Code   RO          954    .text               system_stm32f4xx.o
    0x080009f8   0x00000066   Code   RO          980    .text               c_w.l(sys_io.o)
    0x08000a5e   0x00000028   Code   RO          989    .text               c_w.l(calloc.o)
    0x08000a86   0x0000005e   Code   RO          991    .text               c_w.l(h1_alloc.o)
    0x08000ae4   0x0000004e   Code   RO          993    .text               c_w.l(h1_free.o)
    0x08000b32   0x00000002   PAD
    0x08000b34   0x00000018   Code   RO         1051    .text               c_w.l(noretval__2printf.o)
    0x08000b4c   0x00000068   Code   RO         1053    .text               c_w.l(__printf.o)
    0x08000bb4   0x00000052   Code   RO         1055    .text               c_w.l(_printf_str.o)
    0x08000c06   0x00000002   PAD
    0x08000c08   0x00000078   Code   RO         1057    .text               c_w.l(_printf_dec.o)
    0x08000c80   0x0000000c   Code   RO         1083    .text               c_w.l(exit.o)
    0x08000c8c   0x00000006   Code   RO         1085    .text               c_w.l(heapauxi.o)
    0x08000c92   0x00000002   Code   RO         1129    .text               c_w.l(use_no_semi.o)
    0x08000c94   0x00000000   Code   RO         1133    .text               c_w.l(indicate_semi.o)
    0x08000c94   0x00000008   Code   RO         1140    .text               c_w.l(rt_heap_descriptor_intlibspace.o)
    0x08000c9c   0x00000004   Code   RO         1142    .text               c_w.l(hguard.o)
    0x08000ca0   0x0000008a   Code   RO         1144    .text               c_w.l(init_alloc.o)
    0x08000d2a   0x0000000e   Code   RO         1148    .text               c_w.l(h1_init.o)
    0x08000d38   0x00000016   Code   RO         1162    .text               c_w.l(_rserrno.o)
    0x08000d4e   0x000000b8   Code   RO         1164    .text               c_w.l(_printf_intcommon.o)
    0x08000e06   0x00000420   Code   RO         1166    .text               c_w.l(_printf_fp_dec.o)
    0x08001226   0x0000002c   Code   RO         1168    .text               c_w.l(_printf_char.o)
    0x08001252   0x00000002   PAD
    0x08001254   0x00000024   Code   RO         1170    .text               c_w.l(_printf_char_file.o)
    0x08001278   0x0000003e   Code   RO         1173    .text               c_w.l(strlen.o)
    0x080012b6   0x00000044   Code   RO         1177    .text               c_w.l(rt_memclr.o)
    0x080012fa   0x00000002   PAD
    0x080012fc   0x00000008   Code   RO         1246    .text               c_w.l(libspace.o)
    0x08001304   0x00000008   Code   RO         1274    .text               c_w.l(rt_locale_intlibspace.o)
    0x0800130c   0x00000008   Code   RO         1279    .text               c_w.l(rt_errno_addr_intlibspace.o)
    0x08001314   0x00000034   Code   RO         1285    .text               c_w.l(h1_extend.o)
    0x08001348   0x0000008a   Code   RO         1289    .text               c_w.l(lludiv10.o)
    0x080013d2   0x00000002   PAD
    0x080013d4   0x00000030   Code   RO         1291    .text               c_w.l(_printf_char_common.o)
    0x08001404   0x00000080   Code   RO         1293    .text               c_w.l(_printf_fp_infnan.o)
    0x08001484   0x000000e4   Code   RO         1295    .text               c_w.l(bigflt0.o)
    0x08001568   0x00000008   Code   RO         1320    .text               c_w.l(ferror.o)
    0x08001570   0x0000000e   Code   RO         1327    .text               c_w.l(defsig_rtmem_outer.o)
    0x0800157e   0x0000004e   Code   RO         1331    .text               c_w.l(rt_memclr_w.o)
    0x080015cc   0x0000004a   Code   RO         1344    .text               c_w.l(sys_stackheap_outer.o)
    0x08001616   0x0000000a   Code   RO         1352    .text               c_w.l(defsig_exit.o)
    0x08001620   0x00000050   Code   RO         1354    .text               c_w.l(defsig_rtmem_inner.o)
    0x08001670   0x00000080   Code   RO         1356    .text               c_w.l(strcmpv7m.o)
    0x080016f0   0x00000032   Code   RO         1377    .text               c_w.l(defsig_general.o)
    0x08001722   0x0000003e   Code   RO         1298    CL$$btod_d2e        c_w.l(btod.o)
    0x08001760   0x00000046   Code   RO         1300    CL$$btod_d2e_denorm_low  c_w.l(btod.o)
    0x080017a6   0x00000060   Code   RO         1299    CL$$btod_d2e_norm_op1  c_w.l(btod.o)
    0x08001806   0x00000338   Code   RO         1308    CL$$btod_div_common  c_w.l(btod.o)
    0x08001b3e   0x000000c6   Code   RO         1305    CL$$btod_e2e        c_w.l(btod.o)
    0x08001c04   0x00000028   Code   RO         1302    CL$$btod_ediv       c_w.l(btod.o)
    0x08001c2c   0x00000028   Code   RO         1301    CL$$btod_emul       c_w.l(btod.o)
    0x08001c54   0x00000244   Code   RO         1307    CL$$btod_mult_common  c_w.l(btod.o)
    0x08001e98   0x00000030   Code   RO         1239    i.__ARM_fpclassify  m_wm.l(fpclassify.o)
    0x08001ec8   0x00000368   Code   RO         1115    i.__hardfp_exp      m_wm.l(exp.o)
    0x08002230   0x000000f8   Code   RO         1241    i.__kernel_poly     m_wm.l(poly.o)
    0x08002328   0x00000020   Code   RO         1237    i.__mathlib_dbl_underflow  m_wm.l(dunder.o)
    0x08002348   0x0000002c   Code   RO         1325    locale$$code        c_w.l(lc_numeric_c.o)
    0x08002374   0x00000018   Code   RO         1089    x$fpl$basic         fz_wm.l(basic.o)
    0x0800238c   0x00000150   Code   RO         1091    x$fpl$dadd          fz_wm.l(daddsub_clz.o)
    0x080024dc   0x00000018   Code   RO         1338    x$fpl$dcmpinf       fz_wm.l(dcmpi.o)
    0x080024f4   0x000002b0   Code   RO         1098    x$fpl$ddiv          fz_wm.l(ddiv.o)
    0x080027a4   0x0000005e   Code   RO         1224    x$fpl$dfix          fz_wm.l(dfix.o)
    0x08002802   0x00000002   PAD
    0x08002804   0x0000005a   Code   RO         1101    x$fpl$dfixu         fz_wm.l(dfixu.o)
    0x0800285e   0x0000002e   Code   RO         1106    x$fpl$dflt          fz_wm.l(dflt_clz.o)
    0x0800288c   0x00000026   Code   RO         1105    x$fpl$dfltu         fz_wm.l(dflt_clz.o)
    0x080028b2   0x00000002   PAD
    0x080028b4   0x00000078   Code   RO         1228    x$fpl$dleqf         fz_wm.l(dleqf.o)
    0x0800292c   0x00000154   Code   RO         1111    x$fpl$dmul          fz_wm.l(dmul.o)
    0x08002a80   0x0000009c   Code   RO         1230    x$fpl$dnaninf       fz_wm.l(dnaninf.o)
    0x08002b1c   0x0000000c   Code   RO         1232    x$fpl$dretinf       fz_wm.l(dretinf.o)
    0x08002b28   0x0000006c   Code   RO         1234    x$fpl$drleqf        fz_wm.l(drleqf.o)
    0x08002b94   0x00000016   Code   RO         1092    x$fpl$drsb          fz_wm.l(daddsub_clz.o)
    0x08002baa   0x00000002   PAD
    0x08002bac   0x000001d4   Code   RO         1093    x$fpl$dsub          fz_wm.l(daddsub_clz.o)
    0x08002d80   0x0000000a   Code   RO         1340    x$fpl$fpinit        fz_wm.l(fpinit.o)
    0x08002d8a   0x00000004   Code   RO         1113    x$fpl$printf1       fz_wm.l(printf1.o)
    0x08002d8e   0x00000000   Code   RO         1236    x$fpl$usenofp       fz_wm.l(usenofp.o)
    0x08002d8e   0x00000002   PAD
    0x08002d90   0x00000058   Data   RO         1118    .constdata          m_wm.l(exp.o)
    0x08002de8   0x00000094   Data   RO         1296    .constdata          c_w.l(bigflt0.o)
    0x08002e7c   0x00000020   Data   RO         1412    Region$$Table       anon$$obj.o
    0x08002e9c   0x0000001c   Data   RO         1324    locale$$data        c_w.l(lc_numeric_c.o)


    Execution Region RW_IRAM1 (Base: 0x20000000, Size: 0x00000680, Max: 0x00020000, ABSOLUTE)

    Base Addr    Size         Type   Attr      Idx    E Section Name        Object

    0x20000000   0x00000004   Data   RW            4    .data               fputc_debug.o
    0x20000004   0x00000004   Data   RW          142    .data               main.o
    0x20000008   0x00000014   Data   RW          955    .data               system_stm32f4xx.o
    0x2000001c   0x00000060   Zero   RW         1247    .bss                c_w.l(libspace.o)
    0x2000007c   0x00000004   PAD
    0x20000080   0x00000200   Zero   RW          244    HEAP                startup_stm32f40xx.o
    0x20000280   0x00000400   Zero   RW          243    STACK               startup_stm32f40xx.o


==============================================================================

Image component sizes


      Code (inc. data)   RO Data    RW Data    ZI Data      Debug   Object Name

        48          6          0          4          0     260256   fputc_debug.o
      1052        236          0          0          0       3133   imageutil.o
       108         30          0          4          0       1783   main.o
       284        114          0          0          0       1944   rawutil.o
        64         26        392          0       1536        800   startup_stm32f40xx.o
        20          0          0          0          0       1310   stm32f4xx_it.o
       380         36          0         20          0       1803   system_stm32f4xx.o

    ----------------------------------------------------------------------
      1956        448        424         28       1536     271029   Object Totals
         0          0         32          0          0          0   (incl. Generated)
         0          0          0          0          0          0   (incl. Padding)

    ----------------------------------------------------------------------

      Code (inc. data)   RO Data    RW Data    ZI Data      Debug   Library Member Name

         8          0          0          0          0         68   __main.o
       104          0          0          0          0         84   __printf.o
        52          8          0          0          0          0   __scatter.o
        26          0          0          0          0          0   __scatter_copy.o
        28          0          0          0          0          0   __scatter_zi.o
        44          0          0          0          0        108   _printf_char.o
        48          6          0          0          0         96   _printf_char_common.o
        36          4          0          0          0         80   _printf_char_file.o
         6          0          0          0          0          0   _printf_d.o
       120         18          0          0          0         92   _printf_dec.o
         6          0          0          0          0          0   _printf_f.o
      1056          0          0          0          0        216   _printf_fp_dec.o
       128         16          0          0          0         84   _printf_fp_infnan.o
       184          0          0          0          0         88   _printf_intcommon.o
         0          0          0          0          0          0   _printf_percent.o
         4          0          0          0          0          0   _printf_percent_end.o
         6          0          0          0          0          0   _printf_s.o
        82          0          0          0          0         80   _printf_str.o
        22          0          0          0          0        100   _rserrno.o
       228          6        148          0          0         96   bigflt0.o
      1910        128          0          0          0        672   btod.o
        40          0          0          0          0         80   calloc.o
        10          0          0          0          0         68   defsig_exit.o
        50          0          0          0          0         88   defsig_general.o
        80         58          0          0          0         76   defsig_rtmem_inner.o
        14          0          0          0          0         80   defsig_rtmem_outer.o
        12          0          0          0          0         72   exit.o
         8          0          0          0          0         68   ferror.o
        94          0          0          0          0         80   h1_alloc.o
        52          0          0          0          0         68   h1_extend.o
        78          0          0          0          0         80   h1_free.o
        14          0          0          0          0         84   h1_init.o
         6          0          0          0          0        152   heapauxi.o
         4          0          0          0          0        136   hguard.o
         0          0          0          0          0          0   indicate_semi.o
       138          0          0          0          0        168   init_alloc.o
        44         10         28          0          0         76   lc_numeric_c.o
         2          0          0          0          0          0   libinit.o
        30          0          0          0          0          0   libinit2.o
         2          0          0          0          0          0   libshutdown.o
         2          0          0          0          0          0   libshutdown2.o
         8          4          0          0         96         68   libspace.o
       138          0          0          0          0         80   lludiv10.o
         0          0          0          0          0          0   maybetermalloc1.o
        24          4          0          0          0         84   noretval__2printf.o
         8          4          0          0          0         68   rt_errno_addr_intlibspace.o
         8          4          0          0          0         68   rt_heap_descriptor_intlibspace.o
         8          4          0          0          0         68   rt_locale_intlibspace.o
        68          0          0          0          0         68   rt_memclr.o
        78          0          0          0          0         80   rt_memclr_w.o
         0          0          0          0          0          0   rtentry.o
        12          0          0          0          0          0   rtentry2.o
         6          0          0          0          0          0   rtentry4.o
         2          0          0          0          0          0   rtexit.o
        10          0          0          0          0          0   rtexit2.o
       128          0          0          0          0         68   strcmpv7m.o
        62          0          0          0          0         76   strlen.o
       102          0          0          0          0        240   sys_io.o
        74          0          0          0          0         80   sys_stackheap_outer.o
         2          0          0          0          0         68   use_no_semi.o
        24          0          0          0          0        164   basic.o
       826         16          0          0          0        492   daddsub_clz.o
        24          0          0          0          0        116   dcmpi.o
       688        140          0          0          0        256   ddiv.o
        94          4          0          0          0        140   dfix.o
        90          4          0          0          0        140   dfixu.o
        84          0          0          0          0        232   dflt_clz.o
       120          4          0          0          0        140   dleqf.o
       340         12          0          0          0        152   dmul.o
       156          4          0          0          0        140   dnaninf.o
        12          0          0          0          0        116   dretinf.o
       108          0          0          0          0        128   drleqf.o
        10          0          0          0          0        116   fpinit.o
         4          0          0          0          0        116   printf1.o
         0          0          0          0          0          0   usenofp.o
        32          8          0          0          0        124   dunder.o
       872        146         88          0          0        220   exp.o
        48          0          0          0          0        124   fpclassify.o
       248          0          0          0          0        152   poly.o

    ----------------------------------------------------------------------
      9316        612        264          0        100       7424   Library Totals
        20          0          0          0          4          0   (incl. Padding)

    ----------------------------------------------------------------------

      Code (inc. data)   RO Data    RW Data    ZI Data      Debug   Library Name

      5516        274        176          0         96       4356   c_w.l
      2580        184          0          0          0       2448   fz_wm.l
      1200        154         88          0          0        620   m_wm.l

    ----------------------------------------------------------------------
      9316        612        264          0        100       7424   Library Totals

    ----------------------------------------------------------------------

==============================================================================


      Code (inc. data)   RO Data    RW Data    ZI Data      Debug   

     11272       1060        688         28       1636     273357   Grand Totals
     11272       1060        688         28       1636     273357   ELF Image Totals
     11272       1060        688         28          0          0   ROM Totals

==============================================================================

    Total RO  Size (Code + RO Data)                11960 (  11.68kB)
    Total RW  Size (RW Data + ZI Data)              1664 (   1.63kB)
    Total ROM Size (Code + RO Data + RW Data)      11988 (  11.71kB)

==============================================================================

